Product: MDK-ARM Standard 5.10
Component: ARM Compiler 5.04 update 1 (build 49)
Tool: armlink [5040049]

==============================================================================

Section Cross References

    main.o(.text) refers to bsp_generaltim.o(.text) for GENERAL_TIM_Init
    main.o(.text) refers to usart.o(.text) for uart1_init
    main.o(.text) refers to rt_memclr.o(.text) for __aeabi_memclr
    main.o(.text) refers to gizwits_protocol.o(.text) for gizwitsInit
    main.o(.text) refers to gizwits_product.o(.text) for userInit
    main.o(.text) refers to bsp_ili9341_lcd.o(.text) for ILI9341_Init
    main.o(.text) refers to delay.o(.text) for delay_init
    main.o(.text) refers to syn7318.o(.text) for IDENTIFY_INIT
    main.o(.text) refers to gpio.o(.text) for SYN_BW_init
    main.o(.text) refers to stm32f10x_gpio.o(.text) for GPIO_ReadInputDataBit
    main.o(.text) refers to slave.o(.text) for Execute_Result
    main.o(.text) refers to gizwits_product.o(.bss) for currentDataPoint
    main.o(.text) refers to bsp_ili9341_lcd.o(.data) for LCD_Y_LENGTH
    main.o(.text) refers to main.o(.data) for D_MP3_2
    main.o(.text) refers to syn7318.o(.data) for SYN_Wake_Rsurt
    system_stm32f10x.o(.text) refers to system_stm32f10x.o(.data) for SystemCoreClock
    syn7318.o(.text) refers to usart.o(.text) for USART_Put_String
    syn7318.o(.text) refers to strlen.o(.text) for strlen
    syn7318.o(.text) refers to uart3.o(.text) for UART_Put_String
    syn7318.o(.text) refers to delay.o(.text) for delay_ms
    syn7318.o(.text) refers to gizwits_product.o(.text) for userHandle
    syn7318.o(.text) refers to stm32f10x_gpio.o(.text) for GPIO_ReadInputDataBit
    syn7318.o(.text) refers to slave.o(.text) for Check_USART_RX_BUF2
    syn7318.o(.text) refers to usart.o(.bss) for USART_RX_BUF3
    syn7318.o(.text) refers to usart.o(.data) for USART_RX_BUF3_FULL
    syn7318.o(.text) refers to slave.o(.data) for Slave_adrrD_MP3_BUFF
    syn7318.o(.text) refers to syn7318.o(.data) for DICT
    syn7318.o(.data) refers to syn7318.o(.conststring) for .conststring
    startup_stm32f10x_hd.o(STACK) refers (Special) to heapauxi.o(.text) for __use_two_region_memory
    startup_stm32f10x_hd.o(HEAP) refers (Special) to heapauxi.o(.text) for __use_two_region_memory
    startup_stm32f10x_hd.o(RESET) refers (Special) to heapauxi.o(.text) for __use_two_region_memory
    startup_stm32f10x_hd.o(RESET) refers to startup_stm32f10x_hd.o(STACK) for __initial_sp
    startup_stm32f10x_hd.o(RESET) refers to startup_stm32f10x_hd.o(.text) for Reset_Handler
    startup_stm32f10x_hd.o(RESET) refers to stm32f10x_it.o(.text) for NMI_Handler
    startup_stm32f10x_hd.o(RESET) refers to bsp_generaltim.o(.text) for TIM2_IRQHandler
    startup_stm32f10x_hd.o(RESET) refers to usart.o(.text) for USART1_IRQHandler
    startup_stm32f10x_hd.o(.text) refers (Special) to heapauxi.o(.text) for __use_two_region_memory
    startup_stm32f10x_hd.o(.text) refers to system_stm32f10x.o(.text) for SystemInit
    startup_stm32f10x_hd.o(.text) refers to __main.o(!!!main) for __main
    startup_stm32f10x_hd.o(.text) refers to startup_stm32f10x_hd.o(HEAP) for Heap_Mem
    startup_stm32f10x_hd.o(.text) refers to startup_stm32f10x_hd.o(STACK) for Stack_Mem
    stm32f10x_adc.o(.text) refers to stm32f10x_rcc.o(.text) for RCC_APB2PeriphResetCmd
    stm32f10x_bkp.o(.text) refers to stm32f10x_rcc.o(.text) for RCC_BackupResetCmd
    stm32f10x_can.o(.text) refers to stm32f10x_rcc.o(.text) for RCC_APB1PeriphResetCmd
    stm32f10x_cec.o(.text) refers to stm32f10x_rcc.o(.text) for RCC_APB1PeriphResetCmd
    stm32f10x_dac.o(.text) refers to stm32f10x_rcc.o(.text) for RCC_APB1PeriphResetCmd
    stm32f10x_gpio.o(.text) refers to stm32f10x_rcc.o(.text) for RCC_APB2PeriphResetCmd
    stm32f10x_i2c.o(.text) refers to stm32f10x_rcc.o(.text) for RCC_APB1PeriphResetCmd
    stm32f10x_pwr.o(.text) refers to stm32f10x_rcc.o(.text) for RCC_APB1PeriphResetCmd
    stm32f10x_rcc.o(.text) refers to stm32f10x_rcc.o(.data) for APBAHBPrescTable
    stm32f10x_spi.o(.text) refers to stm32f10x_rcc.o(.text) for RCC_APB2PeriphResetCmd
    stm32f10x_tim.o(.text) refers to stm32f10x_rcc.o(.text) for RCC_APB2PeriphResetCmd
    stm32f10x_usart.o(.text) refers to stm32f10x_rcc.o(.text) for RCC_APB2PeriphResetCmd
    stm32f10x_wwdg.o(.text) refers to stm32f10x_rcc.o(.text) for RCC_APB1PeriphResetCmd
    delay.o(.text) refers to misc.o(.text) for SysTick_CLKSourceConfig
    delay.o(.text) refers to system_stm32f10x.o(.data) for SystemCoreClock
    delay.o(.text) refers to delay.o(.data) for fac_us
    usart.o(.text) refers (Special) to use_no_semi_2.o(.text) for __use_no_semihosting
    usart.o(.text) refers to stm32f10x_rcc.o(.text) for RCC_APB2PeriphClockCmd
    usart.o(.text) refers to stm32f10x_gpio.o(.text) for GPIO_Init
    usart.o(.text) refers to misc.o(.text) for NVIC_Init
    usart.o(.text) refers to stm32f10x_usart.o(.text) for USART_Init
[...]
    GENERAL_TIM_NVIC_Config                  0x08005693   Thumb Code    42  bsp_generaltim.o(.text)
    GENERAL_TIM_Mode_Config                  0x080056bd   Thumb Code    76  bsp_generaltim.o(.text)
    .text                                    0x08005730   Section        0  bsp_ili9341_lcd.o(.text)
    ILI9341_Delay                            0x08005731   Thumb Code    18  bsp_ili9341_lcd.o(.text)
    ILI9341_GPIO_Config                      0x08005743   Thumb Code   398  bsp_ili9341_lcd.o(.text)
    ILI9341_FSMC_Config                      0x080058d1   Thumb Code    94  bsp_ili9341_lcd.o(.text)
    ILI9341_REG_Config                       0x0800592f   Thumb Code   570  bsp_ili9341_lcd.o(.text)
    ILI9341_SetCursor                        0x08005cd9   Thumb Code    20  bsp_ili9341_lcd.o(.text)
    ILI9341_FillColor                        0x08005ced   Thumb Code    32  bsp_ili9341_lcd.o(.text)
    ILI9341_Read_PixelData                   0x08005d5f   Thumb Code    54  bsp_ili9341_lcd.o(.text)
    .text                                    0x08006bbc   Section        0  fonts.o(.text)
    .text                                    0x08006c10   Section        0  bsp_spi_flash.o(.text)
    SPI_TIMEOUT_UserCallback                 0x08006cc3   Thumb Code    16  bsp_spi_flash.o(.text)
    .text                                    0x0800718c   Section        2  use_no_semi_2.o(.text)
    .text                                    0x0800718e   Section        0  toupper.o(.text)
    .text                                    0x080071ac   Section        0  noretval__2printf.o(.text)
    .text                                    0x080071c4   Section        0  __printf.o(.text)
    .text                                    0x0800722c   Section        0  _printf_dec.o(.text)
    .text                                    0x080072a0   Section        0  strlen.o(.text)
    .text                                    0x080072de   Section      138  rt_memcpy_v6.o(.text)
    .text                                    0x08007368   Section      100  rt_memcpy_w.o(.text)
    .text                                    0x080073cc   Section       68  rt_memclr.o(.text)
    .text                                    0x08007410   Section        0  heapauxi.o(.text)
    .text                                    0x08007416   Section        2  use_no_semi.o(.text)
    .text                                    0x08007418   Section       16  rt_ctype_table.o(.text)
    .text                                    0x08007428   Section        0  _printf_intcommon.o(.text)
    .text                                    0x080074dc   Section        0  _printf_char_file.o(.text)
    .text                                    0x08007500   Section       78  rt_memclr_w.o(.text)
    .text                                    0x08007550   Section        8  rt_locale_intlibspace.o(.text)
    .text                                    0x08007558   Section        0  _printf_char_common.o(.text)
    _printf_input_char                       0x08007559   Thumb Code    10  _printf_char_common.o(.text)
    .text                                    0x08007588   Section        0  ferror.o(.text)
    .text                                    0x08007590   Section        8  libspace.o(.text)
    .text                                    0x08007598   Section       74  sys_stackheap_outer.o(.text)
    .text                                    0x080075e2   Section        0  exit.o(.text)
    .text                                    0x080075f0   Section      128  strcmpv7m.o(.text)
    i.ILI9341_Read_Data                      0x08007670   Section        0  bsp_ili9341_lcd.o(i.ILI9341_Read_Data)
    i.ILI9341_Write_Cmd                      0x0800767c   Section        0  bsp_ili9341_lcd.o(i.ILI9341_Write_Cmd)
    i.ILI9341_Write_Data                     0x08007684   Section        0  bsp_ili9341_lcd.o(i.ILI9341_Write_Data)
    locale$$code                             0x08007690   Section       44  lc_ctype_c.o(locale$$code)
    x$fpl$fadd                               0x080076bc   Section      196  faddsub_clz.o(x$fpl$fadd)
    _fadd1                                   0x080076cb   Thumb Code     0  faddsub_clz.o(x$fpl$fadd)
    x$fpl$fdiv                               0x08007780   Section      388  fdiv.o(x$fpl$fdiv)
    _fdiv1                                   0x08007781   Thumb Code     0  fdiv.o(x$fpl$fdiv)
    x$fpl$ffixu                              0x08007904   Section       62  ffixu.o(x$fpl$ffixu)
    x$fpl$ffltu                              0x08007944   Section       38  fflt_clz.o(x$fpl$ffltu)
    x$fpl$fmul                               0x0800796c   Section      258  fmul.o(x$fpl$fmul)
    x$fpl$fnaninf                            0x08007a6e   Section      140  fnaninf.o(x$fpl$fnaninf)
    x$fpl$fretinf                            0x08007afa   Section       10  fretinf.o(x$fpl$fretinf)
    x$fpl$fsub                               0x08007b04   Section      234  faddsub_clz.o(x$fpl$fsub)
    _fsub1                                   0x08007b13   Thumb Code     0  faddsub_clz.o(x$fpl$fsub)
    x$fpl$usenofp                            0x08007bee   Section        0  usenofp.o(x$fpl$usenofp)
    .constdata                               0x08007bf0   Section       48  common.o(.constdata)
    .constdata                               0x08007c20   Section    15200  fonts.o(.constdata)
    .conststring                             0x0800b780   Section      377  syn7318.o(.conststring)
    .conststring                             0x0800b8fc   Section      225  slave.o(.conststring)
    locale$$data                             0x0800ba00   Section      272  lc_ctype_c.o(locale$$data)
    __lcctype_c_name                         0x0800ba04   Data           2  lc_ctype_c.o(locale$$data)
    __lcctype_c_start                        0x0800ba0c   Data           0  lc_ctype_c.o(locale$$data)
    __lcctype_c_end                          0x0800bb10   Data           0  lc_ctype_c.o(locale$$data)
    .data                                    0x20000000   Section       23  main.o(.data)
    .data                                    0x20000018   Section       20  system_stm32f10x.o(.data)
    .data                                    0x2000002c   Section      194  syn7318.o(.data)
    .data                                    0x200000ee   Section       20  stm32f10x_rcc.o(.data)
    APBAHBPrescTable                         0x200000ee   Data          16  stm32f10x_rcc.o(.data)
    ADCPrescTable                            0x200000fe   Data           4  stm32f10x_rcc.o(.data)
    .data                                    0x20000102   Section        4  delay.o(.data)
    fac_us                                   0x20000102   Data           1  delay.o(.data)
    fac_ms                                   0x20000104   Data           2  delay.o(.data)
    .data                                    0x20000108   Section       62  usart.o(.data)
    flag                                     0x20000144   Data           1  usart.o(.data)
    flag                                     0x20000145   Data           1  usart.o(.data)
    .data                                    0x20000148   Section      143  slave.o(.data)
    .data                                    0x200001d8   Section        4  gizwits_product.o(.data)
    timerMsCount                             0x200001d8   Data           4  gizwits_product.o(.data)
    .data                                    0x200001dc   Section       16  gizwits_protocol.o(.data)
    lastReportTime                           0x200001dc   Data           4  gizwits_protocol.o(.data)
    lastRepTime                              0x200001e0   Data           4  gizwits_protocol.o(.data)
    protocolFlag                             0x200001e4   Data           1  gizwits_protocol.o(.data)
    protocolCount                            0x200001e6   Data           2  gizwits_protocol.o(.data)
    lastData                                 0x200001e8   Data           1  gizwits_protocol.o(.data)
    debugCount                               0x200001e9   Data           1  gizwits_protocol.o(.data)
    lastStatus                               0x200001ea   Data           2  gizwits_protocol.o(.data)
    .data                                    0x200001ec   Section     1035  bsp_ili9341_lcd.o(.data)
    LCD_Currentfonts                         0x200001f4   Data           4  bsp_ili9341_lcd.o(.data)
    CurrentTextColor                         0x200001f8   Data           2  bsp_ili9341_lcd.o(.data)
    CurrentBackColor                         0x200001fa   Data           2  bsp_ili9341_lcd.o(.data)
    .data                                    0x200005f8   Section       25  fonts.o(.data)
    everRead                                 0x20000610   Data           1  fonts.o(.data)
    .data                                    0x20000614   Section        4  bsp_spi_flash.o(.data)
    SPITimeout                               0x20000614   Data           4  bsp_spi_flash.o(.data)
    .bss                                     0x20000618   Section       22  usart.o(.bss)
    .bss                                     0x2000062e   Section       27  gizwits_product.o(.bss)
    .bss                                     0x20000649   Section      410  gizwits_protocol.o(.bss)
    rbBuf                                    0x200007ad   Data          54  gizwits_protocol.o(.bss)
    .bss                                     0x200007e3   Section     1000  bsp_ili9341_lcd.o(.bss)
    .bss                                     0x20000bcc   Section       96  libspace.o(.bss)
    HEAP                                     0x20000c30   Section      512  startup_stm32f10x_hd.o(HEAP)
    Heap_Mem                                 0x20000c30   Data         512  startup_stm32f10x_hd.o(HEAP)
    STACK                                    0x20000e30   Section     1024  startup_stm32f10x_hd.o(STACK)
    Stack_Mem                                0x20000e30   Data        1024  startup_stm32f10x_hd.o(STACK)
    __initial_sp                             0x20001230   Data           0  startup_stm32f10x_hd.o(STACK)

    Global Symbols

    Symbol Name                              Value     Ov Type        Size  Object(Section)

    BuildAttributes$$THM_ISAv4$P$D$K$B$S$PE$A:L22UL41UL21$X:L11$S22US41US21$IEEE1$IW$USESV6$~STKCKD$USESV7$~SHL$OSPACE$ROPI$EBA8$UX$STANDARDLIB$REQ8$PRES8$EABIv2 0x00000000   Number         0  anon$$obj.o ABSOLUTE
    __ARM_use_no_argv                        0x00000000   Number         0  main.o ABSOLUTE
    __ARM_exceptions_init                     - Undefined Weak Reference
    __alloca_initialize                       - Undefined Weak Reference
    __cpp_initialize__aeabi_                  - Undefined Weak Reference
    __cxa_finalize                            - Undefined Weak Reference
    __sigvec_lookup                           - Undefined Weak Reference
    _atexit_init                              - Undefined Weak Reference
    _call_atexit_fns                          - Undefined Weak Reference
    _clock_init                               - Undefined Weak Reference
    _fp_trap_init                             - Undefined Weak Reference
    _fp_trap_shutdown                         - Undefined Weak Reference
    _get_lc_collate                           - Undefined Weak Reference
    _get_lc_monetary                          - Undefined Weak Reference
    _get_lc_numeric                           - Undefined Weak Reference
    _get_lc_time                              - Undefined Weak Reference
    _getenv_init                              - Undefined Weak Reference
    _handle_redirection                       - Undefined Weak Reference
    _init_alloc                               - Undefined Weak Reference
    _init_user_alloc                          - Undefined Weak Reference
    _initio                                   - Undefined Weak Reference
    _mutex_acquire                            - Undefined Weak Reference
    _mutex_release                            - Undefined Weak Reference
    _printf_post_padding                      - Undefined Weak Reference
    _printf_pre_padding                       - Undefined Weak Reference
    _printf_truncate_signed                   - Undefined Weak Reference
    _printf_truncate_unsigned                 - Undefined Weak Reference
    _rand_init                                - Undefined Weak Reference
    _signal_finish                            - Undefined Weak Reference
    _signal_init                              - Undefined Weak Reference
    _terminate_alloc                          - Undefined Weak Reference
    _terminate_user_alloc                     - Undefined Weak Reference
    _terminateio                              - Undefined Weak Reference
    __Vectors_Size                           0x00000130   Number         0  startup_stm32f10x_hd.o ABSOLUTE
    __Vectors                                0x08000000   Data           4  startup_stm32f10x_hd.o(RESET)
    __Vectors_End                            0x08000130   Data           0  startup_stm32f10x_hd.o(RESET)
    __main                                   0x08000131   Thumb Code     8  __main.o(!!!main)
    __scatterload                            0x08000139   Thumb Code     0  __scatter.o(!!!scatter)
    __scatterload_rt2                        0x08000139   Thumb Code    44  __scatter.o(!!!scatter)
    __scatterload_rt2_thumb_only             0x08000139   Thumb Code     0  __scatter.o(!!!scatter)
    __scatterload_null                       0x08000147   Thumb Code     0  __scatter.o(!!!scatter)
    __decompress                             0x0800016d   Thumb Code    90  __dczerorl2.o(!!dczerorl2)
    __decompress1                            0x0800016d   Thumb Code     0  __dczerorl2.o(!!dczerorl2)
    __scatterload_zeroinit                   0x080001c9   Thumb Code    28  __scatter_zi.o(!!handler_zi)
    _printf_d                                0x080001e5   Thumb Code     0  _printf_d.o(.ARM.Collect$$_printf_percent$$00000009)
    _printf_percent                          0x080001e5   Thumb Code     0  _printf_percent.o(.ARM.Collect$$_printf_percent$$00000000)
    _printf_percent_end                      0x080001eb   Thumb Code     0  _printf_percent_end.o(.ARM.Collect$$_printf_percent$$00000017)
    __rt_lib_init                            0x080001ef   Thumb Code     0  libinit.o(.ARM.Collect$$libinit$$00000000)
    __rt_lib_init_fp_1                       0x080001f1   Thumb Code     0  libinit2.o(.ARM.Collect$$libinit$$00000002)
    __rt_lib_init_heap_1                     0x080001f1   Thumb Code     0  libinit2.o(.ARM.Collect$$libinit$$00000008)
    __rt_lib_init_lc_common                  0x080001f1   Thumb Code     0  libinit2.o(.ARM.Collect$$libinit$$0000000D)
    __rt_lib_init_rand_1                     0x080001f1   Thumb Code     0  libinit2.o(.ARM.Collect$$libinit$$0000000C)
    __rt_lib_init_user_alloc_1               0x080001f1   Thumb Code     0  libinit2.o(.ARM.Collect$$libinit$$0000000A)
    __rt_lib_init_lc_collate_1               0x080001f7   Thumb Code     0  libinit2.o(.ARM.Collect$$libinit$$0000000F)
    __rt_lib_init_lc_ctype_2                 0x080001f7   Thumb Code     0  libinit2.o(.ARM.Collect$$libinit$$00000010)
    __rt_lib_init_alloca_1                   0x08000203   Thumb Code     0  libinit2.o(.ARM.Collect$$libinit$$0000002C)
    __rt_lib_init_argv_1                     0x08000203   Thumb Code     0  libinit2.o(.ARM.Collect$$libinit$$0000002A)
    __rt_lib_init_atexit_1                   0x08000203   Thumb Code     0  libinit2.o(.ARM.Collect$$libinit$$00000019)
    __rt_lib_init_clock_1                    0x08000203   Thumb Code     0  libinit2.o(.ARM.Collect$$libinit$$0000001F)
    __rt_lib_init_cpp_1                      0x08000203   Thumb Code     0  libinit2.o(.ARM.Collect$$libinit$$00000030)
    __rt_lib_init_exceptions_1               0x08000203   Thumb Code     0  libinit2.o(.ARM.Collect$$libinit$$0000002E)
    __rt_lib_init_fp_trap_1                  0x08000203   Thumb Code     0  libinit2.o(.ARM.Collect$$libinit$$0000001D)
    __rt_lib_init_getenv_1                   0x08000203   Thumb Code     0  libinit2.o(.ARM.Collect$$libinit$$00000021)
    __rt_lib_init_lc_ctype_1                 0x08000203   Thumb Code     0  libinit2.o(.ARM.Collect$$libinit$$00000011)
    __rt_lib_init_lc_monetary_1              0x08000203   Thumb Code     0  libinit2.o(.ARM.Collect$$libinit$$00000013)
    __rt_lib_init_lc_numeric_1               0x08000203   Thumb Code     0  libinit2.o(.ARM.Collect$$libinit$$00000015)
    __rt_lib_init_lc_time_1                  0x08000203   Thumb Code     0  libinit2.o(.ARM.Collect$$libinit$$00000017)
    __rt_lib_init_return                     0x08000203   Thumb Code     0  libinit2.o(.ARM.Collect$$libinit$$00000031)
    __rt_lib_init_signal_1                   0x08000203   Thumb Code     0  libinit2.o(.ARM.Collect$$libinit$$0000001B)
    __rt_lib_init_stdio_1                    0x08000203   Thumb Code     0  libinit2.o(.ARM.Collect$$libinit$$00000023)
    __rt_lib_shutdown                        0x08000205   Thumb Code     0  libshutdown.o(.ARM.Collect$$libshutdown$$00000000)
    __rt_lib_shutdown_fp_trap_1              0x08000207   Thumb Code     0  libshutdown2.o(.ARM.Collect$$libshutdown$$00000006)
    __rt_lib_shutdown_heap_1                 0x08000207   Thumb Code     0  libshutdown2.o(.ARM.Collect$$libshutdown$$0000000E)
    __rt_lib_shutdown_return                 0x08000207   Thumb Code     0  libshutdown2.o(.ARM.Collect$$libshutdown$$0000000F)
    __rt_lib_shutdown_signal_1               0x08000207   Thumb Code     0  libshutdown2.o(.ARM.Collect$$libshutdown$$00000009)
    __rt_lib_shutdown_stdio_1                0x08000207   Thumb Code     0  libshutdown2.o(.ARM.Collect$$libshutdown$$00000003)
    __rt_lib_shutdown_user_alloc_1           0x08000207   Thumb Code     0  libshutdown2.o(.ARM.Collect$$libshutdown$$0000000B)
    __rt_entry                               0x08000209   Thumb Code     0  rtentry.o(.ARM.Collect$$rtentry$$00000000)
    __rt_entry_presh_1                       0x08000209   Thumb Code     0  rtentry2.o(.ARM.Collect$$rtentry$$00000002)
    __rt_entry_sh                            0x08000209   Thumb Code     0  rtentry4.o(.ARM.Collect$$rtentry$$00000004)
    __rt_entry_li                            0x0800020f   Thumb Code     0  rtentry2.o(.ARM.Collect$$rtentry$$0000000A)
    __rt_entry_postsh_1                      0x0800020f   Thumb Code     0  rtentry2.o(.ARM.Collect$$rtentry$$00000009)
    __rt_entry_main                          0x08000213   Thumb Code     0  rtentry2.o(.ARM.Collect$$rtentry$$0000000D)
    __rt_entry_postli_1                      0x08000213   Thumb Code     0  rtentry2.o(.ARM.Collect$$rtentry$$0000000C)
    __rt_exit                                0x0800021b   Thumb Code     0  rtexit.o(.ARM.Collect$$rtexit$$00000000)
    __rt_exit_ls                             0x0800021d   Thumb Code     0  rtexit2.o(.ARM.Collect$$rtexit$$00000003)
    __rt_exit_prels_1                        0x0800021d   Thumb Code     0  rtexit2.o(.ARM.Collect$$rtexit$$00000002)
    __rt_exit_exit                           0x08000221   Thumb Code     0  rtexit2.o(.ARM.Collect$$rtexit$$00000004)
    Gitwits_Init                             0x08000229   Thumb Code    36  main.o(.text)
    main                                     0x0800024d   Thumb Code   128  main.o(.text)
    NMI_Handler                              0x080002ed   Thumb Code     2  stm32f10x_it.o(.text)
    HardFault_Handler                        0x080002ef   Thumb Code     4  stm32f10x_it.o(.text)
    MemManage_Handler                        0x080002f3   Thumb Code     4  stm32f10x_it.o(.text)
    BusFault_Handler                         0x080002f7   Thumb Code     4  stm32f10x_it.o(.text)
    UsageFault_Handler                       0x080002fb   Thumb Code     4  stm32f10x_it.o(.text)
    SVC_Handler                              0x080002ff   Thumb Code     2  stm32f10x_it.o(.text)
    DebugMon_Handler                         0x08000301   Thumb Code     2  stm32f10x_it.o(.text)
    PendSV_Handler                           0x08000303   Thumb Code     2  stm32f10x_it.o(.text)
    SysTick_Handler                          0x08000305   Thumb Code     2  stm32f10x_it.o(.text)
    SystemInit                               0x080003e7   Thumb Code    78  system_stm32f10x.o(.text)
    SystemCoreClockUpdate                    0x08000435   Thumb Code   142  system_stm32f10x.o(.text)
    Clear_USART_RX_BUF3                      0x080004e9   Thumb Code    22  syn7318.o(.text)
    IDENTIFY_INIT                            0x080004ff   Thumb Code    48  syn7318.o(.text)
    SYN_TTS                                  0x0800052f   Thumb Code    96  syn7318.o(.text)
    SYN_MP3                                  0x0800058f   Thumb Code   190  syn7318.o(.text)
    Start_ASR                                0x0800064d   Thumb Code    90  syn7318.o(.text)
    Dict_TTS_OK                              0x080006a7   Thumb Code    32  syn7318.o(.text)
    Dict_TTS                                 0x080006c7   Thumb Code    62  syn7318.o(.text)
    Stop_ASR                                 0x08000705   Thumb Code    36  syn7318.o(.text)
    Start_WakeUp                             0x08000729   Thumb Code    80  syn7318.o(.text)
    Three_One                                0x08000779   Thumb Code   206  syn7318.o(.text)
    Status_Query                             0x08000847   Thumb Code    60  syn7318.o(.text)
    Reset_Handler                            0x080008f1   Thumb Code     8  startup_stm32f10x_hd.o(.text)
    ADC1_2_IRQHandler                        0x0800090b   Thumb Code     0  startup_stm32f10x_hd.o(.text)
    ADC3_IRQHandler                          0x0800090b   Thumb Code     0  startup_stm32f10x_hd.o(.text)
    CAN1_RX1_IRQHandler                      0x0800090b   Thumb Code     0  startup_stm32f10x_hd.o(.text)
    CAN1_SCE_IRQHandler                      0x0800090b   Thumb Code     0  startup_stm32f10x_hd.o(.text)
    DMA1_Channel1_IRQHandler                 0x0800090b   Thumb Code     0  startup_stm32f10x_hd.o(.text)
    DMA1_Channel2_IRQHandler                 0x0800090b   Thumb Code     0  startup_stm32f10x_hd.o(.text)
    DMA1_Channel3_IRQHandler                 0x0800090b   Thumb Code     0  startup_stm32f10x_hd.o(.text)
    DMA1_Channel4_IRQHandler                 0x0800090b   Thumb Code     0  startup_stm32f10x_hd.o(.text)
    DMA1_Channel5_IRQHandler                 0x0800090b   Thumb Code     0  startup_stm32f10x_hd.o(.text)
    DMA1_Channel6_IRQHandler                 0x0800090b   Thumb Code     0  startup_stm32f10x_hd.o(.text)
    DMA1_Channel7_IRQHandler                 0x0800090b   Thumb Code     0  startup_stm32f10x_hd.o(.text)
    DMA2_Channel1_IRQHandler                 0x0800090b   Thumb Code     0  startup_stm32f10x_hd.o(.text)
    DMA2_Channel2_IRQHandler                 0x0800090b   Thumb Code     0  startup_stm32f10x_hd.o(.text)
    DMA2_Channel3_IRQHandler                 0x0800090b   Thumb Code     0  startup_stm32f10x_hd.o(.text)
    DMA2_Channel4_5_IRQHandler               0x0800090b   Thumb Code     0  startup_stm32f10x_hd.o(.text)
    EXTI0_IRQHandler                         0x0800090b   Thumb Code     0  startup_stm32f10x_hd.o(.text)
    EXTI15_10_IRQHandler                     0x0800090b   Thumb Code     0  startup_stm32f10x_hd.o(.text)
    EXTI1_IRQHandler                         0x0800090b   Thumb Code     0  startup_stm32f10x_hd.o(.text)
    EXTI2_IRQHandler                         0x0800090b   Thumb Code     0  startup_stm32f10x_hd.o(.text)
    EXTI3_IRQHandler                         0x0800090b   Thumb Code     0  startup_stm32f10x_hd.o(.text)
    EXTI4_IRQHandler                         0x0800090b   Thumb Code     0  startup_stm32f10x_hd.o(.text)
    EXTI9_5_IRQHandler                       0x0800090b   Thumb Code     0  startup_stm32f10x_hd.o(.text)
    FLASH_IRQHandler                         0x0800090b   Thumb Code     0  startup_stm32f10x_hd.o(.text)
    FSMC_IRQHandler                          0x0800090b   Thumb Code     0  startup_stm32f10x_hd.o(.text)
    I2C1_ER_IRQHandler                       0x0800090b   Thumb Code     0  startup_stm32f10x_hd.o(.text)
    I2C1_EV_IRQHandler                       0x0800090b   Thumb Code     0  startup_stm32f10x_hd.o(.text)
    I2C2_ER_IRQHandler                       0x0800090b   Thumb Code     0  startup_stm32f10x_hd.o(.text)
    I2C2_EV_IRQHandler                       0x0800090b   Thumb Code     0  startup_stm32f10x_hd.o(.text)
    PVD_IRQHandler                           0x0800090b   Thumb Code     0  startup_stm32f10x_hd.o(.text)
    RCC_IRQHandler                           0x0800090b   Thumb Code     0  startup_stm32f10x_hd.o(.text)
    RTCAlarm_IRQHandler                      0x0800090b   Thumb Code     0  startup_stm32f10x_hd.o(.text)
    RTC_IRQHandler                           0x0800090b   Thumb Code     0  startup_stm32f10x_hd.o(.text)
    SDIO_IRQHandler                          0x0800090b   Thumb Code     0  startup_stm32f10x_hd.o(.text)
    SPI1_IRQHandler                          0x0800090b   Thumb Code     0  startup_stm32f10x_hd.o(.text)
    SPI2_IRQHandler                          0x0800090b   Thumb Code     0  startup_stm32f10x_hd.o(.text)
    SPI3_IRQHandler                          0x0800090b   Thumb Code     0  startup_stm32f10x_hd.o(.text)
    TAMPER_IRQHandler                        0x0800090b   Thumb Code     0  startup_stm32f10x_hd.o(.text)
    TIM1_BRK_IRQHandler                      0x0800090b   Thumb Code     0  startup_stm32f10x_hd.o(.text)
    TIM1_CC_IRQHandler                       0x0800090b   Thumb Code     0  startup_stm32f10x_hd.o(.text)
    TIM1_TRG_COM_IRQHandler                  0x0800090b   Thumb Code     0  startup_stm32f10x_hd.o(.text)
    TIM1_UP_IRQHandler                       0x0800090b   Thumb Code     0  startup_stm32f10x_hd.o(.text)
    TIM3_IRQHandler                          0x0800090b   Thumb Code     0  startup_stm32f10x_hd.o(.text)
    TIM4_IRQHandler                          0x0800090b   Thumb Code     0  startup_stm32f10x_hd.o(.text)
    TIM5_IRQHandler                          0x0800090b   Thumb Code     0  startup_stm32f10x_hd.o(.text)
    TIM6_IRQHandler                          0x0800090b   Thumb Code     0  startup_stm32f10x_hd.o(.text)
    TIM7_IRQHandler                          0x0800090b   Thumb Code     0  startup_stm32f10x_hd.o(.text)
    TIM8_BRK_IRQHandler                      0x0800090b   Thumb Code     0  startup_stm32f10x_hd.o(.text)
    TIM8_CC_IRQHandler                       0x0800090b   Thumb Code     0  startup_stm32f10x_hd.o(.text)
    TIM8_TRG_COM_IRQHandler                  0x0800090b   Thumb Code     0  startup_stm32f10x_hd.o(.text)
    TIM8_UP_IRQHandler                       0x0800090b   Thumb Code     0  startup_stm32f10x_hd.o(.text)
    UART4_IRQHandler                         0x0800090b   Thumb Code     0  startup_stm32f10x_hd.o(.text)
    UART5_IRQHandler                         0x0800090b   Thumb Code     0  startup_stm32f10x_hd.o(.text)
    USBWakeUp_IRQHandler                     0x0800090b   Thumb Code     0  startup_stm32f10x_hd.o(.text)
    USB_HP_CAN1_TX_IRQHandler                0x0800090b   Thumb Code     0  startup_stm32f10x_hd.o(.text)
    USB_LP_CAN1_RX0_IRQHandler               0x0800090b   Thumb Code     0  startup_stm32f10x_hd.o(.text)
    WWDG_IRQHandler                          0x0800090b   Thumb Code     0  startup_stm32f10x_hd.o(.text)
    __user_initial_stackheap                 0x0800090d   Thumb Code     0  startup_stm32f10x_hd.o(.text)
    NVIC_PriorityGroupConfig                 0x08000931   Thumb Code    10  misc.o(.text)
    NVIC_Init                                0x0800093b   Thumb Code   100  misc.o(.text)
    NVIC_SetVectorTable                      0x0800099f   Thumb Code    14  misc.o(.text)
    NVIC_SystemLPConfig                      0x080009ad   Thumb Code    34  misc.o(.text)
    SysTick_CLKSourceConfig                  0x080009cf   Thumb Code    40  misc.o(.text)
    FSMC_NORSRAMDeInit                       0x08000a0d   Thumb Code    54  stm32f10x_fsmc.o(.text)
    FSMC_NANDDeInit                          0x08000a43   Thumb Code    62  stm32f10x_fsmc.o(.text)
    FSMC_PCCARDDeInit                        0x08000a81   Thumb Code    36  stm32f10x_fsmc.o(.text)
    FSMC_NORSRAMInit                         0x08000aa5   Thumb Code   230  stm32f10x_fsmc.o(.text)
    FSMC_NANDInit                            0x08000b8b   Thumb Code   132  stm32f10x_fsmc.o(.text)
    FSMC_PCCARDInit                          0x08000c0f   Thumb Code   130  stm32f10x_fsmc.o(.text)
    FSMC_NORSRAMStructInit                   0x08000c91   Thumb Code   114  stm32f10x_fsmc.o(.text)
    FSMC_NANDStructInit                      0x08000d03   Thumb Code    54  stm32f10x_fsmc.o(.text)
    FSMC_PCCARDStructInit                    0x08000d39   Thumb Code    60  stm32f10x_fsmc.o(.text)
    FSMC_NORSRAMCmd                          0x08000d75   Thumb Code    46  stm32f10x_fsmc.o(.text)
    FSMC_NANDCmd                             0x08000da3   Thumb Code    86  stm32f10x_fsmc.o(.text)
    FSMC_PCCARDCmd                           0x08000df9   Thumb Code    44  stm32f10x_fsmc.o(.text)
    FSMC_NANDECCCmd                          0x08000e25   Thumb Code    90  stm32f10x_fsmc.o(.text)
    FSMC_GetECC                              0x08000e7f   Thumb Code    24  stm32f10x_fsmc.o(.text)
    FSMC_ITConfig                            0x08000e97   Thumb Code   128  stm32f10x_fsmc.o(.text)
    FSMC_GetFlagStatus                       0x08000f17   Thumb Code    54  stm32f10x_fsmc.o(.text)
    FSMC_ClearFlag                           0x08000f4d   Thumb Code    62  stm32f10x_fsmc.o(.text)
    FSMC_GetITStatus                         0x08000f8b   Thumb Code    64  stm32f10x_fsmc.o(.text)
    FSMC_ClearITPendingBit                   0x08000fcb   Thumb Code    68  stm32f10x_fsmc.o(.text)
    GPIO_DeInit                              0x08001019   Thumb Code   172  stm32f10x_gpio.o(.text)
    GPIO_AFIODeInit                          0x080010c5   Thumb Code    20  stm32f10x_gpio.o(.text)
    GPIO_Init                                0x080010d9   Thumb Code   278  stm32f10x_gpio.o(.text)
    GPIO_StructInit                          0x080011ef   Thumb Code    16  stm32f10x_gpio.o(.text)
    GPIO_ReadInputDataBit                    0x080011ff   Thumb Code    18  stm32f10x_gpio.o(.text)
    GPIO_ReadInputData                       0x08001211   Thumb Code     8  stm32f10x_gpio.o(.text)
    GPIO_ReadOutputDataBit                   0x08001219   Thumb Code    18  stm32f10x_gpio.o(.text)
    GPIO_ReadOutputData                      0x0800122b   Thumb Code     8  stm32f10x_gpio.o(.text)
    GPIO_SetBits                             0x08001233   Thumb Code     4  stm32f10x_gpio.o(.text)
    GPIO_ResetBits                           0x08001237   Thumb Code     4  stm32f10x_gpio.o(.text)
    GPIO_WriteBit                            0x0800123b   Thumb Code    10  stm32f10x_gpio.o(.text)
    GPIO_Write                               0x08001245   Thumb Code     4  stm32f10x_gpio.o(.text)
    GPIO_PinLockConfig                       0x08001249   Thumb Code    18  stm32f10x_gpio.o(.text)
    GPIO_EventOutputConfig                   0x0800125b   Thumb Code    26  stm32f10x_gpio.o(.text)
    GPIO_EventOutputCmd                      0x08001275   Thumb Code     6  stm32f10x_gpio.o(.text)
    GPIO_PinRemapConfig                      0x0800127b   Thumb Code   138  stm32f10x_gpio.o(.text)
    GPIO_EXTILineConfig                      0x08001305   Thumb Code    66  stm32f10x_gpio.o(.text)
    GPIO_ETH_MediaInterfaceConfig            0x08001347   Thumb Code     8  stm32f10x_gpio.o(.text)
    RCC_DeInit                               0x08001375   Thumb Code    64  stm32f10x_rcc.o(.text)
    RCC_HSEConfig                            0x080013b5   Thumb Code    70  stm32f10x_rcc.o(.text)
    RCC_GetFlagStatus                        0x080013fb   Thumb Code    56  stm32f10x_rcc.o(.text)
    RCC_WaitForHSEStartUp                    0x08001433   Thumb Code    56  stm32f10x_rcc.o(.text)
    RCC_AdjustHSICalibrationValue            0x0800146b   Thumb Code    20  stm32f10x_rcc.o(.text)
    RCC_HSICmd                               0x0800147f   Thumb Code     6  stm32f10x_rcc.o(.text)
    RCC_PLLConfig                            0x08001485   Thumb Code    24  stm32f10x_rcc.o(.text)
    RCC_PLLCmd                               0x0800149d   Thumb Code     6  stm32f10x_rcc.o(.text)
    RCC_SYSCLKConfig                         0x080014a3   Thumb Code    18  stm32f10x_rcc.o(.text)
    RCC_GetSYSCLKSource                      0x080014b5   Thumb Code    10  stm32f10x_rcc.o(.text)
    RCC_HCLKConfig                           0x080014bf   Thumb Code    18  stm32f10x_rcc.o(.text)
    RCC_PCLK1Config                          0x080014d1   Thumb Code    18  stm32f10x_rcc.o(.text)
    RCC_PCLK2Config                          0x080014e3   Thumb Code    20  stm32f10x_rcc.o(.text)
    RCC_ITConfig                             0x080014f7   Thumb Code    26  stm32f10x_rcc.o(.text)
    RCC_USBCLKConfig                         0x08001511   Thumb Code     8  stm32f10x_rcc.o(.text)
    RCC_ADCCLKConfig                         0x08001519   Thumb Code    18  stm32f10x_rcc.o(.text)
    RCC_LSEConfig                            0x0800152b   Thumb Code    50  stm32f10x_rcc.o(.text)
    RCC_LSICmd                               0x0800155d   Thumb Code     6  stm32f10x_rcc.o(.text)
    RCC_RTCCLKConfig                         0x08001563   Thumb Code    12  stm32f10x_rcc.o(.text)
    RCC_RTCCLKCmd                            0x0800156f   Thumb Code     8  stm32f10x_rcc.o(.text)
    RCC_GetClocksFreq                        0x08001577   Thumb Code   192  stm32f10x_rcc.o(.text)
    RCC_AHBPeriphClockCmd                    0x08001637   Thumb Code    26  stm32f10x_rcc.o(.text)
    RCC_APB2PeriphClockCmd                   0x08001651   Thumb Code    26  stm32f10x_rcc.o(.text)
    RCC_APB1PeriphClockCmd                   0x0800166b   Thumb Code    26  stm32f10x_rcc.o(.text)
    RCC_APB2PeriphResetCmd                   0x08001685   Thumb Code    26  stm32f10x_rcc.o(.text)
    RCC_APB1PeriphResetCmd                   0x0800169f   Thumb Code    26  stm32f10x_rcc.o(.text)
    RCC_BackupResetCmd                       0x080016b9   Thumb Code     8  stm32f10x_rcc.o(.text)
    RCC_ClockSecuritySystemCmd               0x080016c1   Thumb Code     6  stm32f10x_rcc.o(.text)
    RCC_MCOConfig                            0x080016c7   Thumb Code     6  stm32f10x_rcc.o(.text)
    RCC_ClearFlag                            0x080016cd   Thumb Code    14  stm32f10x_rcc.o(.text)
    RCC_GetITStatus                          0x080016db   Thumb Code    20  stm32f10x_rcc.o(.text)
    RCC_ClearITPendingBit                    0x080016ef   Thumb Code     6  stm32f10x_rcc.o(.text)
    SPI_I2S_DeInit                           0x08001719   Thumb Code    76  stm32f10x_spi.o(.text)
    SPI_Init                                 0x08001765   Thumb Code    60  stm32f10x_spi.o(.text)
    I2S_Init                                 0x080017a1   Thumb Code   226  stm32f10x_spi.o(.text)
    SPI_StructInit                           0x08001883   Thumb Code    24  stm32f10x_spi.o(.text)
    I2S_StructInit                           0x0800189b   Thumb Code    20  stm32f10x_spi.o(.text)
    SPI_Cmd                                  0x080018af   Thumb Code    24  stm32f10x_spi.o(.text)
    I2S_Cmd                                  0x080018c7   Thumb Code    24  stm32f10x_spi.o(.text)
    SPI_I2S_ITConfig                         0x080018df   Thumb Code    32  stm32f10x_spi.o(.text)
    SPI_I2S_DMACmd                           0x080018ff   Thumb Code    18  stm32f10x_spi.o(.text)
    SPI_I2S_SendData                         0x08001911   Thumb Code     4  stm32f10x_spi.o(.text)
    SPI_I2S_ReceiveData                      0x08001915   Thumb Code     6  stm32f10x_spi.o(.text)
    SPI_NSSInternalSoftwareConfig            0x0800191b   Thumb Code    30  stm32f10x_spi.o(.text)
    SPI_SSOutputCmd                          0x08001939   Thumb Code    24  stm32f10x_spi.o(.text)
    SPI_DataSizeConfig                       0x08001951   Thumb Code    18  stm32f10x_spi.o(.text)
    SPI_TransmitCRC                          0x08001963   Thumb Code    10  stm32f10x_spi.o(.text)
    SPI_CalculateCRC                         0x0800196d   Thumb Code    24  stm32f10x_spi.o(.text)
    SPI_GetCRC                               0x08001985   Thumb Code    16  stm32f10x_spi.o(.text)
    SPI_GetCRCPolynomial                     0x08001995   Thumb Code     6  stm32f10x_spi.o(.text)
    SPI_BiDirectionalLineConfig              0x0800199b   Thumb Code    28  stm32f10x_spi.o(.text)
    SPI_I2S_GetFlagStatus                    0x080019b7   Thumb Code    18  stm32f10x_spi.o(.text)
    SPI_I2S_ClearFlag                        0x080019c9   Thumb Code     6  stm32f10x_spi.o(.text)
    SPI_I2S_GetITStatus                      0x080019cf   Thumb Code    52  stm32f10x_spi.o(.text)
    SPI_I2S_ClearITPendingBit                0x08001a03   Thumb Code    20  stm32f10x_spi.o(.text)
    TIM_DeInit                               0x08001a25   Thumb Code   424  stm32f10x_tim.o(.text)
    TIM_TimeBaseInit                         0x08001bcd   Thumb Code   122  stm32f10x_tim.o(.text)
    TIM_OC1Init                              0x08001c47   Thumb Code   132  stm32f10x_tim.o(.text)
    TIM_OC2Init                              0x08001ccb   Thumb Code   154  stm32f10x_tim.o(.text)
    TIM_OC3Init                              0x08001d65   Thumb Code   150  stm32f10x_tim.o(.text)
    TIM_OC4Init                              0x08001dfb   Thumb Code   182  stm32f10x_tim.o(.text)
    TIM_SetIC4Prescaler                      0x08001eb1   Thumb Code    26  stm32f10x_tim.o(.text)
    TIM_SetIC3Prescaler                      0x08001f4d   Thumb Code    18  stm32f10x_tim.o(.text)
    TIM_SetIC2Prescaler                      0x08001fd9   Thumb Code    26  stm32f10x_tim.o(.text)
    TIM_SetIC1Prescaler                      0x08002075   Thumb Code    18  stm32f10x_tim.o(.text)
    TIM_ICInit                               0x080020f3   Thumb Code   150  stm32f10x_tim.o(.text)
    TIM_PWMIConfig                           0x08002189   Thumb Code   124  stm32f10x_tim.o(.text)
    TIM_BDTRConfig                           0x08002205   Thumb Code    32  stm32f10x_tim.o(.text)
    TIM_TimeBaseStructInit                   0x08002225   Thumb Code    18  stm32f10x_tim.o(.text)
    TIM_OCStructInit                         0x08002237   Thumb Code    20  stm32f10x_tim.o(.text)
    TIM_ICStructInit                         0x0800224b   Thumb Code    18  stm32f10x_tim.o(.text)
    TIM_BDTRStructInit                       0x0800225d   Thumb Code    40  stm32f10x_tim.o(.text)
    TIM_Cmd                                  0x08002285   Thumb Code    24  stm32f10x_tim.o(.text)
    TIM_CtrlPWMOutputs                       0x0800229d   Thumb Code    30  stm32f10x_tim.o(.text)
    TIM_ITConfig                             0x080022bb   Thumb Code    18  stm32f10x_tim.o(.text)
    TIM_GenerateEvent                        0x080022cd   Thumb Code     4  stm32f10x_tim.o(.text)
    TIM_DMAConfig                            0x080022d1   Thumb Code    10  stm32f10x_tim.o(.text)
    TIM_DMACmd                               0x080022db   Thumb Code    18  stm32f10x_tim.o(.text)
    TIM_InternalClockConfig                  0x080022ed   Thumb Code    12  stm32f10x_tim.o(.text)
    TIM_SelectInputTrigger                   0x080022f9   Thumb Code    18  stm32f10x_tim.o(.text)
    TIM_ITRxExternalClockConfig              0x0800230b   Thumb Code    24  stm32f10x_tim.o(.text)
    TIM_TIxExternalClockConfig               0x08002323   Thumb Code    62  stm32f10x_tim.o(.text)
    TIM_ETRConfig                            0x08002361   Thumb Code    28  stm32f10x_tim.o(.text)
    TIM_ETRClockMode1Config                  0x0800237d   Thumb Code    54  stm32f10x_tim.o(.text)
    TIM_ETRClockMode2Config                  0x080023b3   Thumb Code    32  stm32f10x_tim.o(.text)
    TIM_PrescalerConfig                      0x080023d3   Thumb Code     6  stm32f10x_tim.o(.text)
    TIM_CounterModeConfig                    0x080023d9   Thumb Code    18  stm32f10x_tim.o(.text)
    TIM_EncoderInterfaceConfig               0x080023eb   Thumb Code    66  stm32f10x_tim.o(.text)
    TIM_ForcedOC1Config                      0x0800242d   Thumb Code    18  stm32f10x_tim.o(.text)
    TIM_ForcedOC2Config                      0x0800243f   Thumb Code    26  stm32f10x_tim.o(.text)
    TIM_ForcedOC3Config                      0x08002459   Thumb Code    18  stm32f10x_tim.o(.text)
    TIM_ForcedOC4Config                      0x0800246b   Thumb Code    26  stm32f10x_tim.o(.text)
    TIM_ARRPreloadConfig                     0x08002485   Thumb Code    24  stm32f10x_tim.o(.text)
    TIM_SelectCOM                            0x0800249d   Thumb Code    24  stm32f10x_tim.o(.text)
    TIM_SelectCCDMA                          0x080024b5   Thumb Code    24  stm32f10x_tim.o(.text)
    TIM_CCPreloadControl                     0x080024cd   Thumb Code    24  stm32f10x_tim.o(.text)
    TIM_OC1PreloadConfig                     0x080024e5   Thumb Code    18  stm32f10x_tim.o(.text)
    TIM_OC2PreloadConfig                     0x080024f7   Thumb Code    26  stm32f10x_tim.o(.text)
    TIM_OC3PreloadConfig                     0x08002511   Thumb Code    18  stm32f10x_tim.o(.text)
    TIM_OC4PreloadConfig                     0x08002523   Thumb Code    26  stm32f10x_tim.o(.text)
    TIM_OC1FastConfig                        0x0800253d   Thumb Code    18  stm32f10x_tim.o(.text)
    TIM_OC2FastConfig                        0x0800254f   Thumb Code    26  stm32f10x_tim.o(.text)
    TIM_OC3FastConfig                        0x08002569   Thumb Code    18  stm32f10x_tim.o(.text)
    TIM_OC4FastConfig                        0x0800257b   Thumb Code    26  stm32f10x_tim.o(.text)
    TIM_ClearOC1Ref                          0x08002595   Thumb Code    18  stm32f10x_tim.o(.text)
    TIM_ClearOC2Ref                          0x080025a7   Thumb Code    24  stm32f10x_tim.o(.text)
    TIM_ClearOC3Ref                          0x080025bf   Thumb Code    18  stm32f10x_tim.o(.text)
    TIM_ClearOC4Ref                          0x080025d1   Thumb Code    24  stm32f10x_tim.o(.text)
    TIM_OC1PolarityConfig                    0x080025e9   Thumb Code    18  stm32f10x_tim.o(.text)
    TIM_OC1NPolarityConfig                   0x080025fb   Thumb Code    18  stm32f10x_tim.o(.text)
    TIM_OC2PolarityConfig                    0x0800260d   Thumb Code    26  stm32f10x_tim.o(.text)
    TIM_OC2NPolarityConfig                   0x08002627   Thumb Code    26  stm32f10x_tim.o(.text)
    TIM_OC3PolarityConfig                    0x08002641   Thumb Code    26  stm32f10x_tim.o(.text)
    TIM_OC3NPolarityConfig                   0x0800265b   Thumb Code    26  stm32f10x_tim.o(.text)
    TIM_OC4PolarityConfig                    0x08002675   Thumb Code    26  stm32f10x_tim.o(.text)
    TIM_CCxCmd                               0x0800268f   Thumb Code    30  stm32f10x_tim.o(.text)
    TIM_CCxNCmd                              0x080026ad   Thumb Code    30  stm32f10x_tim.o(.text)
    TIM_SelectOCxM                           0x080026cb   Thumb Code    82  stm32f10x_tim.o(.text)
    TIM_UpdateDisableConfig                  0x0800271d   Thumb Code    24  stm32f10x_tim.o(.text)
    TIM_UpdateRequestConfig                  0x08002735   Thumb Code    24  stm32f10x_tim.o(.text)
    TIM_SelectHallSensor                     0x0800274d   Thumb Code    24  stm32f10x_tim.o(.text)
    TIM_SelectOnePulseMode                   0x08002765   Thumb Code    18  stm32f10x_tim.o(.text)
    TIM_SelectOutputTrigger                  0x08002777   Thumb Code    18  stm32f10x_tim.o(.text)
    TIM_SelectSlaveMode                      0x08002789   Thumb Code    18  stm32f10x_tim.o(.text)
    TIM_SelectMasterSlaveMode                0x0800279b   Thumb Code    18  stm32f10x_tim.o(.text)
    TIM_SetCounter                           0x080027ad   Thumb Code     4  stm32f10x_tim.o(.text)
    TIM_SetAutoreload                        0x080027b1   Thumb Code     4  stm32f10x_tim.o(.text)
    TIM_SetCompare1                          0x080027b5   Thumb Code     4  stm32f10x_tim.o(.text)
    TIM_SetCompare2                          0x080027b9   Thumb Code     4  stm32f10x_tim.o(.text)
    TIM_SetCompare3                          0x080027bd   Thumb Code     4  stm32f10x_tim.o(.text)
    TIM_SetCompare4                          0x080027c1   Thumb Code     6  stm32f10x_tim.o(.text)
    TIM_SetClockDivision                     0x080027c7   Thumb Code    18  stm32f10x_tim.o(.text)
    TIM_GetCapture1                          0x080027d9   Thumb Code     6  stm32f10x_tim.o(.text)
    TIM_GetCapture2                          0x080027df   Thumb Code     6  stm32f10x_tim.o(.text)
    TIM_GetCapture3                          0x080027e5   Thumb Code     6  stm32f10x_tim.o(.text)
    TIM_GetCapture4                          0x080027eb   Thumb Code     8  stm32f10x_tim.o(.text)
    TIM_GetCounter                           0x080027f3   Thumb Code     6  stm32f10x_tim.o(.text)
    TIM_GetPrescaler                         0x080027f9   Thumb Code     6  stm32f10x_tim.o(.text)
    TIM_GetFlagStatus                        0x080027ff   Thumb Code    18  stm32f10x_tim.o(.text)
    TIM_ClearFlag                            0x08002811   Thumb Code     6  stm32f10x_tim.o(.text)
    TIM_GetITStatus                          0x08002817   Thumb Code    34  stm32f10x_tim.o(.text)
    TIM_ClearITPendingBit                    0x08002839   Thumb Code     6  stm32f10x_tim.o(.text)
    USART_DeInit                             0x08002841   Thumb Code   134  stm32f10x_usart.o(.text)
    USART_Init                               0x080028c7   Thumb Code   210  stm32f10x_usart.o(.text)
    USART_StructInit                         0x08002999   Thumb Code    24  stm32f10x_usart.o(.text)
    USART_ClockInit                          0x080029b1   Thumb Code    34  stm32f10x_usart.o(.text)
    USART_ClockStructInit                    0x080029d3   Thumb Code    12  stm32f10x_usart.o(.text)
    USART_Cmd                                0x080029df   Thumb Code    24  stm32f10x_usart.o(.text)
    USART_ITConfig                           0x080029f7   Thumb Code    74  stm32f10x_usart.o(.text)
    USART_DMACmd                             0x08002a41   Thumb Code    18  stm32f10x_usart.o(.text)
    USART_SetAddress                         0x08002a53   Thumb Code    18  stm32f10x_usart.o(.text)
    USART_WakeUpConfig                       0x08002a65   Thumb Code    18  stm32f10x_usart.o(.text)
    USART_ReceiverWakeUpCmd                  0x08002a77   Thumb Code    24  stm32f10x_usart.o(.text)
    USART_LINBreakDetectLengthConfig         0x08002a8f   Thumb Code    18  stm32f10x_usart.o(.text)
    USART_LINCmd                             0x08002aa1   Thumb Code    24  stm32f10x_usart.o(.text)
    USART_SendData                           0x08002ab9   Thumb Code     8  stm32f10x_usart.o(.text)
    USART_ReceiveData                        0x08002ac1   Thumb Code    10  stm32f10x_usart.o(.text)
    USART_SendBreak                          0x08002acb   Thumb Code    10  stm32f10x_usart.o(.text)
    USART_SetGuardTime                       0x08002ad5   Thumb Code    16  stm32f10x_usart.o(.text)
    USART_SetPrescaler                       0x08002ae5   Thumb Code    16  stm32f10x_usart.o(.text)
    USART_SmartCardCmd                       0x08002af5   Thumb Code    24  stm32f10x_usart.o(.text)
    USART_SmartCardNACKCmd                   0x08002b0d   Thumb Code    24  stm32f10x_usart.o(.text)
    USART_HalfDuplexCmd                      0x08002b25   Thumb Code    24  stm32f10x_usart.o(.text)
    USART_OverSampling8Cmd                   0x08002b3d   Thumb Code    22  stm32f10x_usart.o(.text)
    USART_OneBitMethodCmd                    0x08002b53   Thumb Code    24  stm32f10x_usart.o(.text)
    USART_IrDAConfig                         0x08002b6b   Thumb Code    18  stm32f10x_usart.o(.text)
    USART_IrDACmd                            0x08002b7d   Thumb Code    24  stm32f10x_usart.o(.text)
    USART_GetFlagStatus                      0x08002b95   Thumb Code    26  stm32f10x_usart.o(.text)
    USART_ClearFlag                          0x08002baf   Thumb Code    18  stm32f10x_usart.o(.text)
    USART_GetITStatus                        0x08002bc1   Thumb Code    84  stm32f10x_usart.o(.text)
    USART_ClearITPendingBit                  0x08002c15   Thumb Code    52  stm32f10x_usart.o(.text)
    delay_init                               0x08002c49   Thumb Code    50  delay.o(.text)
    delay_us                                 0x08002c7b   Thumb Code    72  delay.o(.text)
    delay_ms                                 0x08002cc3   Thumb Code    72  delay.o(.text)
    _sys_exit                                0x08002d1d   Thumb Code     4  usart.o(.text)
    fputc                                    0x08002d21   Thumb Code    14  usart.o(.text)
    uart1_init                               0x08002d2f   Thumb Code   160  usart.o(.text)
    uart2_init                               0x08002dcf   Thumb Code   164  usart.o(.text)
    uart3_init                               0x08002e73   Thumb Code   168  usart.o(.text)
    USART1_IRQHandler                        0x08002f1b   Thumb Code    48  usart.o(.text)
    USART2_IRQHandler                        0x08002f4b   Thumb Code   122  usart.o(.text)
    USART3_IRQHandler                        0x08002fc5   Thumb Code   176  usart.o(.text)
    USART_Put_String                         0x08003075   Thumb Code    42  usart.o(.text)
    UARTInit3                                0x080030d1   Thumb Code   132  uart3.o(.text)
    UART_Put_Char                            0x08003155   Thumb Code    28  uart3.o(.text)
    UART_Get_char                            0x08003171   Thumb Code    28  uart3.o(.text)
    UART_Put_String                          0x0800318d   Thumb Code    32  uart3.o(.text)
    UART_Get_String                          0x080031ad   Thumb Code    32  uart3.o(.text)
    SYN_BW_init                              0x080031d5   Thumb Code    38  gpio.o(.text)
    SYN_RCE_init                             0x080031fb   Thumb Code    38  gpio.o(.text)
    BLE_Reset_Init                           0x08003221   Thumb Code    68  gpio.o(.text)
    Check_USART_RX_BUF2                      0x0800326d   Thumb Code   658  slave.o(.text)
    BLE_Send                                 0x080034ff   Thumb Code    50  slave.o(.text)
    Execute_Result                           0x08003531   Thumb Code   188  slave.o(.text)
    gizProtocolSum                           0x080036b5   Thumb Code    38  common.o(.text)
    exchangeBytes                            0x080036db   Thumb Code    26  common.o(.text)
    exchangeWord                             0x080036f5   Thumb Code    26  common.o(.text)
    char2hex                                 0x0800370f   Thumb Code   106  common.o(.text)
    checkStringIsNotZero                     0x08003779   Thumb Code    46  common.o(.text)
    returnWeekDay                            0x080037a7   Thumb Code   156  common.o(.text)
    returnNtp2Wt                             0x0800388f   Thumb Code   274  common.o(.text)
    str2Hex                                  0x080039a1   Thumb Code    80  common.o(.text)
    hex2Str                                  0x080039f1   Thumb Code    82  common.o(.text)
    gizByteOrderExchange                     0x08003a4d   Thumb Code    50  datapointtools.o(.text)
    gizY2X                                   0x08003a7f   Thumb Code    14  datapointtools.o(.text)
    gizX2Y                                   0x08003a8d   Thumb Code    12  datapointtools.o(.text)
    gizY2XFloat                              0x08003a99   Thumb Code    42  datapointtools.o(.text)
    gizX2YFloat                              0x08003ac3   Thumb Code    42  datapointtools.o(.text)
    gizAcrossByteJudge                       0x08003aed   Thumb Code    42  datapointtools.o(.text)
    gizVarlenCompressValue                   0x08003b17   Thumb Code   124  datapointtools.o(.text)
    gizVarlenDecompressionValue              0x08003b93   Thumb Code   196  datapointtools.o(.text)
    gizStandardDecompressionValue            0x08003c57   Thumb Code   194  datapointtools.o(.text)
    gizStandardCompressValue                 0x08003d19   Thumb Code   128  datapointtools.o(.text)
    gizwitsEventProcess                      0x08003d99   Thumb Code   442  gizwits_product.o(.text)
    userHandle                               0x08003f53   Thumb Code   128  gizwits_product.o(.text)
    userInit                                 0x08003fd3   Thumb Code   116  gizwits_product.o(.text)
    gizTimerMs                               0x08004047   Thumb Code    12  gizwits_product.o(.text)
    gizGetTimerCount                         0x08004053   Thumb Code     6  gizwits_product.o(.text)
    mcuRestart                               0x08004059   Thumb Code    38  gizwits_product.o(.text)
    TIMER_IRQ_FUN                            0x0800407f   Thumb Code     8  gizwits_product.o(.text)
    UART_IRQ_FUN                             0x08004087   Thumb Code    16  gizwits_product.o(.text)
    uartWrite                                0x08004097   Thumb Code    82  gizwits_product.o(.text)
    gizPutData                               0x08004111   Thumb Code    52  gizwits_protocol.o(.text)
    gizwitsInit                              0x08004f29   Thumb Code    30  gizwits_protocol.o(.text)
    gizwitsSetMode                           0x08004f47   Thumb Code   510  gizwits_protocol.o(.text)
    gizwitsGetNTP                            0x08005145   Thumb Code    82  gizwits_protocol.o(.text)
    gizwitsGetModuleInfo                     0x08005197   Thumb Code    88  gizwits_protocol.o(.text)
    gizwitsHandle                            0x0800522b   Thumb Code   510  gizwits_protocol.o(.text)
    gizwitsPassthroughData                   0x08005429   Thumb Code   150  gizwits_protocol.o(.text)
    rbCreate                                 0x080054c5   Thumb Code    22  ringbuffer.o(.text)
    rbDelete                                 0x080054db   Thumb Code    24  ringbuffer.o(.text)
    rbCapacity                               0x080054f3   Thumb Code    14  ringbuffer.o(.text)
    rbCanRead                                0x08005501   Thumb Code    56  ringbuffer.o(.text)
    rbCanWrite                               0x08005539   Thumb Code    30  ringbuffer.o(.text)
    rbRead                                   0x08005557   Thumb Code   162  ringbuffer.o(.text)
    rbWrite                                  0x080055f9   Thumb Code   154  ringbuffer.o(.text)
    GENERAL_TIM_Init                         0x08005709   Thumb Code    12  bsp_generaltim.o(.text)
    TIM2_IRQHandler                          0x08005715   Thumb Code    26  bsp_generaltim.o(.text)
    ILI9341_GramScan                         0x08005b69   Thumb Code   172  bsp_ili9341_lcd.o(.text)
    ILI9341_Rst                              0x08005c15   Thumb Code    36  bsp_ili9341_lcd.o(.text)
    ILI9341_BackLed_Control                  0x08005c39   Thumb Code    30  bsp_ili9341_lcd.o(.text)
    ILI9341_Init                             0x08005c57   Thumb Code    34  bsp_ili9341_lcd.o(.text)
    ILI9341_OpenWindow                       0x08005c79   Thumb Code    96  bsp_ili9341_lcd.o(.text)
    ILI9341_Clear                            0x08005d0d   Thumb Code    40  bsp_ili9341_lcd.o(.text)
    ILI9341_SetPointPixel                    0x08005d35   Thumb Code    42  bsp_ili9341_lcd.o(.text)
    ILI9341_GetPointPixel                    0x08005d95   Thumb Code    24  bsp_ili9341_lcd.o(.text)
    ILI9341_DrawLine                         0x08005dad   Thumb Code   160  bsp_ili9341_lcd.o(.text)
    ILI9341_DrawRectangle                    0x08005e4d   Thumb Code   132  bsp_ili9341_lcd.o(.text)
    ILI9341_DrawCircle                       0x08005ed1   Thumb Code   340  bsp_ili9341_lcd.o(.text)
    ILI9341_DispChar_EN                      0x08006025   Thumb Code   138  bsp_ili9341_lcd.o(.text)
    ILI9341_DispStringLine_EN                0x080060af   Thumb Code    92  bsp_ili9341_lcd.o(.text)
    ILI9341_DispString_EN                    0x0800610b   Thumb Code    92  bsp_ili9341_lcd.o(.text)
    ILI9341_DispString_EN_YDir               0x08006167   Thumb Code    92  bsp_ili9341_lcd.o(.text)
    ILI9341_DispChar_CH                      0x080061c3   Thumb Code   122  bsp_ili9341_lcd.o(.text)
    ILI9341_DispString_CH                    0x0800623d   Thumb Code    86  bsp_ili9341_lcd.o(.text)
    ILI9341_DispStringLine_EN_CH             0x08006293   Thumb Code   168  bsp_ili9341_lcd.o(.text)
    ILI9341_DispString_EN_CH                 0x0800633b   Thumb Code   168  bsp_ili9341_lcd.o(.text)
    ILI9341_DispString_EN_CH_YDir            0x080063e3   Thumb Code   132  bsp_ili9341_lcd.o(.text)
    ILI9341_zoomChar                         0x08006467   Thumb Code   378  bsp_ili9341_lcd.o(.text)
    ILI9341_DrawChar_Ex                      0x080065e1   Thumb Code    92  bsp_ili9341_lcd.o(.text)
    ILI9341_DisplayStringEx                  0x0800663d   Thumb Code   246  bsp_ili9341_lcd.o(.text)
    ILI9341_DisplayStringEx_YDir             0x08006733   Thumb Code   250  bsp_ili9341_lcd.o(.text)
    LCD_SetFont                              0x0800682d   Thumb Code     6  bsp_ili9341_lcd.o(.text)
    LCD_GetFont                              0x08006833   Thumb Code     6  bsp_ili9341_lcd.o(.text)
    LCD_SetColors                            0x08006839   Thumb Code    10  bsp_ili9341_lcd.o(.text)
    LCD_GetColors                            0x08006843   Thumb Code    14  bsp_ili9341_lcd.o(.text)
    LCD_SetTextColor                         0x08006851   Thumb Code     6  bsp_ili9341_lcd.o(.text)
    LCD_SetBackColor                         0x08006857   Thumb Code     6  bsp_ili9341_lcd.o(.text)
    LCD_ClearLine                            0x0800685d   Thumb Code    26  bsp_ili9341_lcd.o(.text)
    Display_Chinese                          0x08006877   Thumb Code   200  bsp_ili9341_lcd.o(.text)
    LCD_Test                                 0x0800693f   Thumb Code   400  bsp_ili9341_lcd.o(.text)
    GetGBKCode_from_EXFlash                  0x08006bbd   Thumb Code    74  fonts.o(.text)
    SPI_FLASH_Init                           0x08006c11   Thumb Code   178  bsp_spi_flash.o(.text)
    SPI_FLASH_SendByte                       0x08006cd3   Thumb Code   110  bsp_spi_flash.o(.text)
    SPI_FLASH_WaitForWriteEnd                0x08006d41   Thumb Code    46  bsp_spi_flash.o(.text)
    SPI_FLASH_WriteEnable                    0x08006d6f   Thumb Code    26  bsp_spi_flash.o(.text)
    SPI_FLASH_SectorErase                    0x08006d89   Thumb Code    62  bsp_spi_flash.o(.text)
    SPI_FLASH_BulkErase                      0x08006dc7   Thumb Code    34  bsp_spi_flash.o(.text)
    SPI_FLASH_PageWrite                      0x08006de9   Thumb Code    98  bsp_spi_flash.o(.text)
    SPI_FLASH_BufferWrite                    0x08006e4b   Thumb Code   290  bsp_spi_flash.o(.text)
    SPI_FLASH_BufferRead                     0x08006f6d   Thumb Code    76  bsp_spi_flash.o(.text)
    SPI_FLASH_ReadID                         0x08006fb9   Thumb Code    74  bsp_spi_flash.o(.text)
    SPI_FLASH_ReadDeviceID                   0x08007003   Thumb Code   174  bsp_spi_flash.o(.text)
    SPI_FLASH_StartReadSequence              0x080070b1   Thumb Code    42  bsp_spi_flash.o(.text)
    SPI_FLASH_ReadByte                       0x080070db   Thumb Code    10  bsp_spi_flash.o(.text)
    SPI_FLASH_SendHalfWord                   0x080070e5   Thumb Code   104  bsp_spi_flash.o(.text)
    SPI_Flash_PowerDown                      0x0800714d   Thumb Code    26  bsp_spi_flash.o(.text)
    SPI_Flash_WAKEUP                         0x08007167   Thumb Code    26  bsp_spi_flash.o(.text)
    __use_no_semihosting                     0x0800718d   Thumb Code     2  use_no_semi_2.o(.text)
    toupper                                  0x0800718f   Thumb Code    30  toupper.o(.text)
    __2printf                                0x080071ad   Thumb Code    20  noretval__2printf.o(.text)
    __printf                                 0x080071c5   Thumb Code   104  __printf.o(.text)
    _printf_int_dec                          0x0800722d   Thumb Code   100  _printf_dec.o(.text)
    strlen                                   0x080072a1   Thumb Code    62  strlen.o(.text)
    __aeabi_memcpy                           0x080072df   Thumb Code     0  rt_memcpy_v6.o(.text)
    __rt_memcpy                              0x080072df   Thumb Code   138  rt_memcpy_v6.o(.text)
    _memcpy_lastbytes                        0x08007345   Thumb Code     0  rt_memcpy_v6.o(.text)
    __aeabi_memcpy4                          0x08007369   Thumb Code     0  rt_memcpy_w.o(.text)
    __aeabi_memcpy8                          0x08007369   Thumb Code     0  rt_memcpy_w.o(.text)
    __rt_memcpy_w                            0x08007369   Thumb Code   100  rt_memcpy_w.o(.text)
    _memcpy_lastbytes_aligned                0x080073b1   Thumb Code     0  rt_memcpy_w.o(.text)
    __aeabi_memclr                           0x080073cd   Thumb Code     0  rt_memclr.o(.text)
    __rt_memclr                              0x080073cd   Thumb Code    68  rt_memclr.o(.text)
    _memset                                  0x080073d1   Thumb Code     0  rt_memclr.o(.text)
    __use_two_region_memory                  0x08007411   Thumb Code     2  heapauxi.o(.text)
    __rt_heap_escrow$2region                 0x08007413   Thumb Code     2  heapauxi.o(.text)
    __rt_heap_expand$2region                 0x08007415   Thumb Code     2  heapauxi.o(.text)
    __I$use$semihosting                      0x08007417   Thumb Code     0  use_no_semi.o(.text)
    __use_no_semihosting_swi                 0x08007417   Thumb Code     2  use_no_semi.o(.text)
    __rt_ctype_table                         0x08007419   Thumb Code    16  rt_ctype_table.o(.text)
    _printf_int_common                       0x08007429   Thumb Code   178  _printf_intcommon.o(.text)
    _printf_char_file                        0x080074dd   Thumb Code    32  _printf_char_file.o(.text)
    __aeabi_memclr4                          0x08007501   Thumb Code     0  rt_memclr_w.o(.text)
    __aeabi_memclr8                          0x08007501   Thumb Code     0  rt_memclr_w.o(.text)
    __rt_memclr_w                            0x08007501   Thumb Code    78  rt_memclr_w.o(.text)
    _memset_w                                0x08007505   Thumb Code     0  rt_memclr_w.o(.text)
    __rt_locale                              0x08007551   Thumb Code     8  rt_locale_intlibspace.o(.text)
    _printf_char_common                      0x08007563   Thumb Code    32  _printf_char_common.o(.text)
    ferror                                   0x08007589   Thumb Code     8  ferror.o(.text)
    __user_libspace                          0x08007591   Thumb Code     8  libspace.o(.text)
    __user_perproc_libspace                  0x08007591   Thumb Code     0  libspace.o(.text)
    __user_perthread_libspace                0x08007591   Thumb Code     0  libspace.o(.text)
    __user_setup_stackheap                   0x08007599   Thumb Code    74  sys_stackheap_outer.o(.text)
    exit                                     0x080075e3   Thumb Code    12  exit.o(.text)
    strcmp                                   0x080075f1   Thumb Code   128  strcmpv7m.o(.text)
    ILI9341_Read_Data                        0x08007671   Thumb Code     6  bsp_ili9341_lcd.o(i.ILI9341_Read_Data)
    ILI9341_Write_Cmd                        0x0800767d   Thumb Code     8  bsp_ili9341_lcd.o(i.ILI9341_Write_Cmd)
    ILI9341_Write_Data                       0x08007685   Thumb Code     6  bsp_ili9341_lcd.o(i.ILI9341_Write_Data)
    _get_lc_ctype                            0x08007691   Thumb Code    44  lc_ctype_c.o(locale$$code)
    __aeabi_fadd                             0x080076bd   Thumb Code     0  faddsub_clz.o(x$fpl$fadd)
    _fadd                                    0x080076bd   Thumb Code   196  faddsub_clz.o(x$fpl$fadd)
    __aeabi_fdiv                             0x08007781   Thumb Code     0  fdiv.o(x$fpl$fdiv)
    _fdiv                                    0x08007781   Thumb Code   384  fdiv.o(x$fpl$fdiv)
    __aeabi_f2uiz                            0x08007905   Thumb Code     0  ffixu.o(x$fpl$ffixu)
    _ffixu                                   0x08007905   Thumb Code    62  ffixu.o(x$fpl$ffixu)
    __aeabi_ui2f                             0x08007945   Thumb Code     0  fflt_clz.o(x$fpl$ffltu)
    _ffltu                                   0x08007945   Thumb Code    38  fflt_clz.o(x$fpl$ffltu)
    __aeabi_fmul                             0x0800796d   Thumb Code     0  fmul.o(x$fpl$fmul)
    _fmul                                    0x0800796d   Thumb Code   258  fmul.o(x$fpl$fmul)
    __fpl_fnaninf                            0x08007a6f   Thumb Code   140  fnaninf.o(x$fpl$fnaninf)
    __fpl_fretinf                            0x08007afb   Thumb Code    10  fretinf.o(x$fpl$fretinf)
    __aeabi_fsub                             0x08007b05   Thumb Code     0  faddsub_clz.o(x$fpl$fsub)
    _fsub                                    0x08007b05   Thumb Code   234  faddsub_clz.o(x$fpl$fsub)
    __I$use$fp                               0x08007bee   Number         0  usenofp.o(x$fpl$usenofp)
    ASCII8x16_Table                          0x08007c20   Data        1520  fonts.o(.constdata)
    ASCII16x24_Table                         0x08008210   Data        4560  fonts.o(.constdata)
    ASCII24x32_Table                         0x080093e0   Data        9120  fonts.o(.constdata)
    Region$$Table$$Base                      0x0800b9e0   Number         0  anon$$obj.o(Region$$Table)
    Region$$Table$$Limit                     0x0800ba00   Number         0  anon$$obj.o(Region$$Table)
    __ctype                                  0x0800ba0d   Data           0  lc_ctype_c.o(locale$$data)
    D_MP3_2                                  0x20000000   Data          23  main.o(.data)
    SystemCoreClock                          0x20000018   Data           4  system_stm32f10x.o(.data)
    AHBPrescTable                            0x2000001c   Data          16  system_stm32f10x.o(.data)
    Back                                     0x2000002c   Data           4  syn7318.o(.data)
    ASR                                      0x20000030   Data           6  syn7318.o(.data)
    S                                        0x20000036   Data           4  syn7318.o(.data)
    MP3                                      0x2000003c   Data          32  syn7318.o(.data)
    Dict0                                    0x2000005c   Data         100  syn7318.o(.data)
    BLE_SEND_DAT_FLAG                        0x200000c0   Data           1  syn7318.o(.data)
    DICT                                     0x200000c4   Data          40  syn7318.o(.data)
    Busy_Free                                0x200000ec   Data           1  syn7318.o(.data)
    SYN_Wake_Rsurt                           0x200000ed   Data           1  syn7318.o(.data)
    imbuff                                   0x20000108   Data           6  usart.o(.data)
    Receive_full                             0x2000010e   Data           2  usart.o(.data)
    i                                        0x20000110   Data           4  usart.o(.data)
    LED_Flag                                 0x20000114   Data           4  usart.o(.data)
    Fridge_Flag                              0x20000118   Data           4  usart.o(.data)
    TV_Flag                                  0x2000011c   Data           4  usart.o(.data)
    Fridge_C_Flag                            0x20000120   Data           4  usart.o(.data)
    Fridge_W_Flag                            0x20000124   Data           4  usart.o(.data)
    TV_Vd_Flag                               0x20000128   Data           4  usart.o(.data)
    TV_Vp_Flag                               0x2000012c   Data           4  usart.o(.data)
    TV_Cp_Flag                               0x20000130   Data           4  usart.o(.data)
    TV_Cd_Flag                               0x20000134   Data           4  usart.o(.data)
    __stdout                                 0x20000138   Data           4  usart.o(.data)
    USART_RX_BUF1                            0x2000013c   Data           2  usart.o(.data)
    USART_RX_BUF3_NUM                        0x2000013e   Data           1  usart.o(.data)
    USART_RX_BUF3_FULL                       0x2000013f   Data           1  usart.o(.data)
    USART_RX_BUF2_FULL                       0x20000140   Data           1  usart.o(.data)
    USART1_RX_STA                            0x20000142   Data           2  usart.o(.data)
    QUIT                                     0x20000148   Data           4  slave.o(.data)
    STOP                                     0x2000014c   Data           4  slave.o(.data)
    CONTINUE                                 0x20000150   Data           4  slave.o(.data)
    SONG_NUMNER                              0x20000154   Data           1  slave.o(.data)
    Slave_adrrA_AIR_BUFF                     0x20000155   Data           3  slave.o(.data)
    Slave_adrrB_Light_BUFF                   0x20000158   Data           2  slave.o(.data)
    Slave_adrrC_TV_BUFF                      0x2000015a   Data           2  slave.o(.data)
    Slave_adrrD_MP3_BUFF                     0x2000015c   Data           2  slave.o(.data)
    Light_Level                              0x20000160   Data          36  slave.o(.data)
    AIR_Model                                0x20000184   Data          16  slave.o(.data)
    AIR_Temper                               0x20000194   Data          56  slave.o(.data)
    TV_Channel                               0x200001cc   Data           6  slave.o(.data)
    WIFI_Send_flag                           0x200001d2   Data           1  slave.o(.data)
    Send2Slave                               0x200001d3   Data           4  slave.o(.data)
    LCD_X_LENGTH                             0x200001ec   Data           2  bsp_ili9341_lcd.o(.data)
    LCD_Y_LENGTH                             0x200001ee   Data           2  bsp_ili9341_lcd.o(.data)
    LCD_SCAN_MODE                            0x200001f0   Data           1  bsp_ili9341_lcd.o(.data)
    font16x16                                0x200001fc   Data          59  bsp_ili9341_lcd.o(.data)
    font16x16_Library                        0x20000237   Data         960  bsp_ili9341_lcd.o(.data)
    Font8x16                                 0x200005f8   Data           8  fonts.o(.data)
    Font16x24                                0x20000600   Data           8  fonts.o(.data)
    Font24x32                                0x20000608   Data           8  fonts.o(.data)
    USART_RX_BUF2                            0x20000618   Data          10  usart.o(.bss)
    USART_RX_BUF3                            0x20000622   Data          12  usart.o(.bss)
    currentDataPoint                         0x2000062e   Data          27  gizwits_product.o(.bss)
    gizwitsProtocol                          0x20000649   Data         340  gizwits_protocol.o(.bss)
    pRb                                      0x2000079d   Data          16  gizwits_protocol.o(.bss)
    zoomBuff                                 0x200007e3   Data         500  bsp_ili9341_lcd.o(.bss)
    zoomTempBuff                             0x200009d7   Data         500  bsp_ili9341_lcd.o(.bss)
    __libspace_start                         0x20000bcc   Data          96  libspace.o(.bss)
    __temporary_stack_top$libspace           0x20000c2c   Data           0  libspace.o(.bss)



==============================================================================

Memory Map of the image

  Image Entry point : 0x08000131

  Load Region LR_IROM1 (Base: 0x08000000, Size: 0x0000c128, Max: 0x00080000, ABSOLUTE, COMPRESSED[0x0000bf64])

    Execution Region ER_IROM1 (Base: 0x08000000, Size: 0x0000bb10, Max: 0x00080000, ABSOLUTE)

    Base Addr    Size         Type   Attr      Idx    E Section Name        Object

    0x08000000   0x00000130   Data   RO          270    RESET               startup_stm32f10x_hd.o
    0x08000130   0x00000008   Code   RO          900  * !!!main             c_w.l(__main.o)
    0x08000138   0x00000034   Code   RO         1108    !!!scatter          c_w.l(__scatter.o)
    0x0800016c   0x0000005a   Code   RO         1106    !!dczerorl2         c_w.l(__dczerorl2.o)
    0x080001c6   0x00000002   PAD
    0x080001c8   0x0000001c   Code   RO         1110    !!handler_zi        c_w.l(__scatter_zi.o)
    0x080001e4   0x00000000   Code   RO          889    .ARM.Collect$$_printf_percent$$00000000  c_w.l(_printf_percent.o)
    0x080001e4   0x00000006   Code   RO          888    .ARM.Collect$$_printf_percent$$00000009  c_w.l(_printf_d.o)
    0x080001ea   0x00000004   Code   RO          933    .ARM.Collect$$_printf_percent$$00000017  c_w.l(_printf_percent_end.o)
    0x080001ee   0x00000002   Code   RO          986    .ARM.Collect$$libinit$$00000000  c_w.l(libinit.o)
    0x080001f0   0x00000000   Code   RO          988    .ARM.Collect$$libinit$$00000002  c_w.l(libinit2.o)
    0x080001f0   0x00000000   Code   RO          991    .ARM.Collect$$libinit$$00000008  c_w.l(libinit2.o)
    0x080001f0   0x00000000   Code   RO          993    .ARM.Collect$$libinit$$0000000A  c_w.l(libinit2.o)
    0x080001f0   0x00000000   Code   RO          995    .ARM.Collect$$libinit$$0000000C  c_w.l(libinit2.o)
    0x080001f0   0x00000006   Code   RO          996    .ARM.Collect$$libinit$$0000000D  c_w.l(libinit2.o)
    0x080001f6   0x00000000   Code   RO          998    .ARM.Collect$$libinit$$0000000F  c_w.l(libinit2.o)
    0x080001f6   0x0000000c   Code   RO          999    .ARM.Collect$$libinit$$00000010  c_w.l(libinit2.o)
    0x08000202   0x00000000   Code   RO         1000    .ARM.Collect$$libinit$$00000011  c_w.l(libinit2.o)
    0x08000202   0x00000000   Code   RO         1002    .ARM.Collect$$libinit$$00000013  c_w.l(libinit2.o)
    0x08000202   0x00000000   Code   RO         1004    .ARM.Collect$$libinit$$00000015  c_w.l(libinit2.o)
    0x08000202   0x00000000   Code   RO         1006    .ARM.Collect$$libinit$$00000017  c_w.l(libinit2.o)
    0x08000202   0x00000000   Code   RO         1008    .ARM.Collect$$libinit$$00000019  c_w.l(libinit2.o)
    0x08000202   0x00000000   Code   RO         1010    .ARM.Collect$$libinit$$0000001B  c_w.l(libinit2.o)
    0x08000202   0x00000000   Code   RO         1012    .ARM.Collect$$libinit$$0000001D  c_w.l(libinit2.o)
    0x08000202   0x00000000   Code   RO         1014    .ARM.Collect$$libinit$$0000001F  c_w.l(libinit2.o)
    0x08000202   0x00000000   Code   RO         1016    .ARM.Collect$$libinit$$00000021  c_w.l(libinit2.o)
    0x08000202   0x00000000   Code   RO         1018    .ARM.Collect$$libinit$$00000023  c_w.l(libinit2.o)
    0x08000202   0x00000000   Code   RO         1022    .ARM.Collect$$libinit$$0000002A  c_w.l(libinit2.o)
    0x08000202   0x00000000   Code   RO         1024    .ARM.Collect$$libinit$$0000002C  c_w.l(libinit2.o)
    0x08000202   0x00000000   Code   RO         1026    .ARM.Collect$$libinit$$0000002E  c_w.l(libinit2.o)
    0x08000202   0x00000000   Code   RO         1028    .ARM.Collect$$libinit$$00000030  c_w.l(libinit2.o)
    0x08000202   0x00000002   Code   RO         1029    .ARM.Collect$$libinit$$00000031  c_w.l(libinit2.o)
    0x08000204   0x00000002   Code   RO         1057    .ARM.Collect$$libshutdown$$00000000  c_w.l(libshutdown.o)
    0x08000206   0x00000000   Code   RO         1067    .ARM.Collect$$libshutdown$$00000003  c_w.l(libshutdown2.o)
    0x08000206   0x00000000   Code   RO         1070    .ARM.Collect$$libshutdown$$00000006  c_w.l(libshutdown2.o)
    0x08000206   0x00000000   Code   RO         1073    .ARM.Collect$$libshutdown$$00000009  c_w.l(libshutdown2.o)
    0x08000206   0x00000000   Code   RO         1075    .ARM.Collect$$libshutdown$$0000000B  c_w.l(libshutdown2.o)
    0x08000206   0x00000000   Code   RO         1078    .ARM.Collect$$libshutdown$$0000000E  c_w.l(libshutdown2.o)
    0x08000206   0x00000002   Code   RO         1079    .ARM.Collect$$libshutdown$$0000000F  c_w.l(libshutdown2.o)
    0x08000208   0x00000000   Code   RO          926    .ARM.Collect$$rtentry$$00000000  c_w.l(rtentry.o)
    0x08000208   0x00000000   Code   RO          942    .ARM.Collect$$rtentry$$00000002  c_w.l(rtentry2.o)
    0x08000208   0x00000006   Code   RO          954    .ARM.Collect$$rtentry$$00000004  c_w.l(rtentry4.o)
    0x0800020e   0x00000000   Code   RO          944    .ARM.Collect$$rtentry$$00000009  c_w.l(rtentry2.o)
    0x0800020e   0x00000004   Code   RO          945    .ARM.Collect$$rtentry$$0000000A  c_w.l(rtentry2.o)
    0x08000212   0x00000000   Code   RO          947    .ARM.Collect$$rtentry$$0000000C  c_w.l(rtentry2.o)
    0x08000212   0x00000008   Code   RO          948    .ARM.Collect$$rtentry$$0000000D  c_w.l(rtentry2.o)
    0x0800021a   0x00000002   Code   RO         1030    .ARM.Collect$$rtexit$$00000000  c_w.l(rtexit.o)
    0x0800021c   0x00000000   Code   RO         1037    .ARM.Collect$$rtexit$$00000002  c_w.l(rtexit2.o)
    0x0800021c   0x00000004   Code   RO         1038    .ARM.Collect$$rtexit$$00000003  c_w.l(rtexit2.o)
    0x08000220   0x00000006   Code   RO         1039    .ARM.Collect$$rtexit$$00000004  c_w.l(rtexit2.o)
    0x08000226   0x00000002   PAD
    0x08000228   0x000000c4   Code   RO            1    .text               main.o
    0x080002ec   0x0000001a   Code   RO          172    .text               stm32f10x_it.o
    0x08000306   0x00000002   PAD
    0x08000308   0x000001e0   Code   RO          216    .text               system_stm32f10x.o
    0x080004e8   0x00000408   Code   RO          234    .text               syn7318.o
    0x080008f0   0x00000040   Code   RO          271    .text               startup_stm32f10x_hd.o
    0x08000930   0x000000dc   Code   RO          275    .text               misc.o
    0x08000a0c   0x0000060c   Code   RO          407    .text               stm32f10x_fsmc.o
    0x08001018   0x0000035c   Code   RO          419    .text               stm32f10x_gpio.o
    0x08001374   0x000003a4   Code   RO          467    .text               stm32f10x_rcc.o
    0x08001718   0x0000030c   Code   RO          505    .text               stm32f10x_spi.o
    0x08001a24   0x00000e1a   Code   RO          517    .text               stm32f10x_tim.o
    0x0800283e   0x00000002   PAD
    0x08002840   0x00000408   Code   RO          529    .text               stm32f10x_usart.o
    0x08002c48   0x000000d4   Code   RO          553    .text               delay.o
    0x08002d1c   0x000003b4   Code   RO          583    .text               usart.o
    0x080030d0   0x00000104   Code   RO          606    .text               uart3.o
    0x080031d4   0x00000098   Code   RO          621    .text               gpio.o
    0x0800326c   0x00000448   Code   RO          633    .text               slave.o
    0x080036b4   0x00000398   Code   RO          656    .text               common.o
    0x08003a4c   0x0000034c   Code   RO          669    .text               datapointtools.o
    0x08003d98   0x00000378   Code   RO          684    .text               gizwits_product.o
    0x08004110   0x000013b4   Code   RO          708    .text               gizwits_protocol.o
    0x080054c4   0x000001ce   Code   RO          727    .text               ringbuffer.o
    0x08005692   0x0000009c   Code   RO          739    .text               bsp_generaltim.o
    0x0800572e   0x00000002   PAD
    0x08005730   0x0000148c   Code   RO          775    .text               bsp_ili9341_lcd.o
    0x08006bbc   0x00000054   Code   RO          818    .text               fonts.o
    0x08006c10   0x0000057c   Code   RO          840    .text               bsp_spi_flash.o
    0x0800718c   0x00000002   Code   RO          856    .text               c_w.l(use_no_semi_2.o)
    0x0800718e   0x0000001e   Code   RO          858    .text               c_w.l(toupper.o)
    0x080071ac   0x00000018   Code   RO          862    .text               c_w.l(noretval__2printf.o)
    0x080071c4   0x00000068   Code   RO          864    .text               c_w.l(__printf.o)
    0x0800722c   0x00000074   Code   RO          866    .text               c_w.l(_printf_dec.o)
    0x080072a0   0x0000003e   Code   RO          890    .text               c_w.l(strlen.o)
    0x080072de   0x0000008a   Code   RO          892    .text               c_w.l(rt_memcpy_v6.o)
    0x08007368   0x00000064   Code   RO          894    .text               c_w.l(rt_memcpy_w.o)
    0x080073cc   0x00000044   Code   RO          896    .text               c_w.l(rt_memclr.o)
    0x08007410   0x00000006   Code   RO          898    .text               c_w.l(heapauxi.o)
    0x08007416   0x00000002   Code   RO          924    .text               c_w.l(use_no_semi.o)
    0x08007418   0x00000010   Code   RO          927    .text               c_w.l(rt_ctype_table.o)
    0x08007428   0x000000b2   Code   RO          929    .text               c_w.l(_printf_intcommon.o)
    0x080074da   0x00000002   PAD
    0x080074dc   0x00000024   Code   RO          931    .text               c_w.l(_printf_char_file.o)
    0x08007500   0x0000004e   Code   RO          934    .text               c_w.l(rt_memclr_w.o)
    0x0800754e   0x00000002   PAD
    0x08007550   0x00000008   Code   RO          959    .text               c_w.l(rt_locale_intlibspace.o)
    0x08007558   0x00000030   Code   RO          961    .text               c_w.l(_printf_char_common.o)
    0x08007588   0x00000008   Code   RO          963    .text               c_w.l(ferror.o)
    0x08007590   0x00000008   Code   RO          970    .text               c_w.l(libspace.o)
    0x08007598   0x0000004a   Code   RO          973    .text               c_w.l(sys_stackheap_outer.o)
    0x080075e2   0x0000000c   Code   RO          977    .text               c_w.l(exit.o)
    0x080075ee   0x00000002   PAD
    0x080075f0   0x00000080   Code   RO          979    .text               c_w.l(strcmpv7m.o)
    0x08007670   0x0000000c   Code   RO          798    i.ILI9341_Read_Data  bsp_ili9341_lcd.o
    0x0800767c   0x00000008   Code   RO          788    i.ILI9341_Write_Cmd  bsp_ili9341_lcd.o
    0x08007684   0x0000000c   Code   RO          793    i.ILI9341_Write_Data  bsp_ili9341_lcd.o
    0x08007690   0x0000002c   Code   RO          968    locale$$code        c_w.l(lc_ctype_c.o)
    0x080076bc   0x000000c4   Code   RO          902    x$fpl$fadd          fz_ws.l(faddsub_clz.o)
    0x08007780   0x00000184   Code   RO          909    x$fpl$fdiv          fz_ws.l(fdiv.o)
    0x08007904   0x0000003e   Code   RO          912    x$fpl$ffixu         fz_ws.l(ffixu.o)
    0x08007942   0x00000002   PAD
    0x08007944   0x00000026   Code   RO          916    x$fpl$ffltu         fz_ws.l(fflt_clz.o)
    0x0800796a   0x00000002   PAD
    0x0800796c   0x00000102   Code   RO          922    x$fpl$fmul          fz_ws.l(fmul.o)
    0x08007a6e   0x0000008c   Code   RO          936    x$fpl$fnaninf       fz_ws.l(fnaninf.o)
    0x08007afa   0x0000000a   Code   RO          938    x$fpl$fretinf       fz_ws.l(fretinf.o)
    0x08007b04   0x000000ea   Code   RO          904    x$fpl$fsub          fz_ws.l(faddsub_clz.o)
    0x08007bee   0x00000000   Code   RO          940    x$fpl$usenofp       fz_ws.l(usenofp.o)
    0x08007bee   0x00000002   PAD
    0x08007bf0   0x00000030   Data   RO          657    .constdata          common.o
    0x08007c20   0x00003b60   Data   RO          819    .constdata          fonts.o
    0x0800b780   0x00000179   Data   RO          235    .conststring        syn7318.o
    0x0800b8f9   0x00000003   PAD
    0x0800b8fc   0x000000e1   Data   RO          634    .conststring        slave.o
    0x0800b9dd   0x00000003   PAD
    0x0800b9e0   0x00000020   Data   RO         1104    Region$$Table       anon$$obj.o
    0x0800ba00   0x00000110   Data   RO          967    locale$$data        c_w.l(lc_ctype_c.o)


    Execution Region RW_IRAM1 (Base: 0x20000000, Size: 0x00001230, Max: 0x00010000, ABSOLUTE, COMPRESSED[0x00000454])

    Base Addr    Size         Type   Attr      Idx    E Section Name        Object

    0x20000000   0x00000017   Data   RW            2    .data               main.o
    0x20000017   0x00000001   PAD
    0x20000018   0x00000014   Data   RW          217    .data               system_stm32f10x.o
    0x2000002c   0x000000c2   Data   RW          236    .data               syn7318.o
    0x200000ee   0x00000014   Data   RW          468    .data               stm32f10x_rcc.o
    0x20000102   0x00000004   Data   RW          554    .data               delay.o
    0x20000106   0x00000002   PAD
    0x20000108   0x0000003e   Data   RW          585    .data               usart.o
    0x20000146   0x00000002   PAD
    0x20000148   0x0000008f   Data   RW          635    .data               slave.o
    0x200001d7   0x00000001   PAD
    0x200001d8   0x00000004   Data   RW          686    .data               gizwits_product.o
    0x200001dc   0x00000010   Data   RW          710    .data               gizwits_protocol.o
    0x200001ec   0x0000040b   Data   RW          777    .data               bsp_ili9341_lcd.o
    0x200005f7   0x00000001   PAD
    0x200005f8   0x00000019   Data   RW          820    .data               fonts.o
    0x20000611   0x00000003   PAD
    0x20000614   0x00000004   Data   RW          841    .data               bsp_spi_flash.o
    0x20000618   0x00000016   Zero   RW          584    .bss                usart.o
    0x2000062e   0x0000001b   Zero   RW          685    .bss                gizwits_product.o
    0x20000649   0x0000019a   Zero   RW          709    .bss                gizwits_protocol.o
    0x200007e3   0x000003e8   Zero   RW          776    .bss                bsp_ili9341_lcd.o
    0x20000bcb   0x00000001   PAD
    0x20000bcc   0x00000060   Zero   RW          971    .bss                c_w.l(libspace.o)
    0x20000c2c   0x00000004   PAD
    0x20000c30   0x00000200   Zero   RW          269    HEAP                startup_stm32f10x_hd.o
    0x20000e30   0x00000400   Zero   RW          268    STACK               startup_stm32f10x_hd.o


==============================================================================

Image component sizes


      Code (inc. data)   RO Data    RW Data    ZI Data      Debug   Object Name

       156          0          0          0          0        967   bsp_generaltim.o
      5292        348          0       1035       1000      17204   bsp_ili9341_lcd.o
      1404        128          0          4          0       5060   bsp_spi_flash.o
       920         10         48          0          0       4129   common.o
         0          0          0          0          0         32   core_cm3.o
       844          0          0          0          0       5130   datapointtools.o
       212         18          0          4          0       1071   delay.o
        84         10      15200         25          0       2211   fonts.o
       888         64          0          4         27      18847   gizwits_product.o
      5044        478          0         16        410      11598   gizwits_protocol.o
       152          8          0          0          0        854   gpio.o
       196         32          0         23          0     280145   main.o
       220         22          0          0          0       1849   misc.o
       462          0          0          0          0       2547   ringbuffer.o
      1096        210        225        143          0       2810   slave.o
        64         26        304          0       1536        788   startup_stm32f10x_hd.o
      1548         18          0          0          0       5395   stm32f10x_fsmc.o
       860         38          0          0          0       5693   stm32f10x_gpio.o
        26          0          0          0          0       1214   stm32f10x_it.o
       932         36          0         20          0       8888   stm32f10x_rcc.o
       780         14          0          0          0       6574   stm32f10x_spi.o
      3610         88          0          0          0      22176   stm32f10x_tim.o
      1032         22          0          0          0       8420   stm32f10x_usart.o
      1032        116        377        194          0       4210   syn7318.o
       480         38          0         20          0       1815   system_stm32f10x.o
       260          8          0          0          0       1504   uart3.o
       948         50          0         62         22       5579   usart.o

    ----------------------------------------------------------------------
     28548       1782      16192       1560       2996     426710   Object Totals
         0          0         32          0          0          0   (incl. Generated)
         6          0          6         10          1          0   (incl. Padding)

    ----------------------------------------------------------------------

      Code (inc. data)   RO Data    RW Data    ZI Data      Debug   Library Member Name

        90          0          0          0          0          0   __dczerorl2.o
         8          0          0          0          0         68   __main.o
       104          0          0          0          0         84   __printf.o
        52          8          0          0          0          0   __scatter.o
        28          0          0          0          0          0   __scatter_zi.o
        48          6          0          0          0         96   _printf_char_common.o
        36          4          0          0          0         80   _printf_char_file.o
         6          0          0          0          0          0   _printf_d.o
       116         16          0          0          0         92   _printf_dec.o
       178          0          0          0          0         88   _printf_intcommon.o
         0          0          0          0          0          0   _printf_percent.o
         4          0          0          0          0          0   _printf_percent_end.o
        12          0          0          0          0         72   exit.o
         8          0          0          0          0         68   ferror.o
         6          0          0          0          0        152   heapauxi.o
        44         10        272          0          0         76   lc_ctype_c.o
         2          0          0          0          0          0   libinit.o
        20          0          0          0          0          0   libinit2.o
         2          0          0          0          0          0   libshutdown.o
         2          0          0          0          0          0   libshutdown2.o
         8          4          0          0         96         68   libspace.o
        24          4          0          0          0         84   noretval__2printf.o
        16          4          0          0          0         76   rt_ctype_table.o
         8          4          0          0          0         68   rt_locale_intlibspace.o
        68          0          0          0          0         68   rt_memclr.o
        78          0          0          0          0         80   rt_memclr_w.o
       138          0          0          0          0         68   rt_memcpy_v6.o
       100          0          0          0          0         80   rt_memcpy_w.o
         0          0          0          0          0          0   rtentry.o
        12          0          0          0          0          0   rtentry2.o
         6          0          0          0          0          0   rtentry4.o
         2          0          0          0          0          0   rtexit.o
        10          0          0          0          0          0   rtexit2.o
       128          0          0          0          0         68   strcmpv7m.o
        62          0          0          0          0         76   strlen.o
        74          0          0          0          0         80   sys_stackheap_outer.o
        30          0          0          0          0         76   toupper.o
         2          0          0          0          0         68   use_no_semi.o
         2          0          0          0          0         68   use_no_semi_2.o
       430          8          0          0          0        168   faddsub_clz.o
       388         76          0          0          0         96   fdiv.o
        62          4          0          0          0         84   ffixu.o
        38          0          0          0          0         68   fflt_clz.o
       258          4          0          0          0         84   fmul.o
       140          4          0          0          0         84   fnaninf.o
        10          0          0          0          0         68   fretinf.o
         0          0          0          0          0          0   usenofp.o

    ----------------------------------------------------------------------
      2876        156        272          0        100       2556   Library Totals
        16          0          0          0          4          0   (incl. Padding)

    ----------------------------------------------------------------------

      Code (inc. data)   RO Data    RW Data    ZI Data      Debug   Library Name

      1534         60        272          0         96       1904   c_w.l
      1326         96          0          0          0        652   fz_ws.l

    ----------------------------------------------------------------------
      2876        156        272          0        100       2556   Library Totals

    ----------------------------------------------------------------------

==============================================================================


      Code (inc. data)   RO Data    RW Data    ZI Data      Debug   

     31424       1938      16464       1560       3096     425362   Grand Totals
     31424       1938      16464       1108       3096     425362   ELF Image Totals (compressed)
     31424       1938      16464       1108          0          0   ROM Totals

==============================================================================

    Total RO  Size (Code + RO Data)                47888 (  46.77kB)
    Total RW  Size (RW Data + ZI Data)              4656 (   4.55kB)
    Total ROM Size (Code + RO Data + RW Data)      48996 (  47.85kB)

==============================================================================

